 user09Lib

 Timestamp is 606a1b53 (Sun Apr  4 22:02:27 2021)

 Preferred load address is 0000000180000000

 Start         Length     Name                   Class
 0001:00000000 000b5dd0H .text                   CODE
 0001:000b5dd0 00000fc0H .text$mn                CODE
 0001:000b6d90 00000012H .text$mn$00             CODE
 0001:000b6da2 00000081H .text$x                 CODE
 0002:00000000 00000278H .idata$5                DATA
 0002:00000278 00000010H .00cfg                  DATA
 0002:00000288 00000008H .CRT$XCA                DATA
 0002:00000290 00000008H .CRT$XCU                DATA
 0002:00000298 00000008H .CRT$XCZ                DATA
 0002:000002a0 00000008H .CRT$XIA                DATA
 0002:000002a8 00000008H .CRT$XIZ                DATA
 0002:000002b0 00000008H .CRT$XPA                DATA
 0002:000002b8 00000008H .CRT$XPZ                DATA
 0002:000002c0 00000008H .CRT$XTA                DATA
 0002:000002c8 00000018H .CRT$XTZ                DATA
 0002:000002d0 00000000H .gfids$y                DATA
 0002:000002e0 000090b0H .rdata                  DATA
 0002:00009390 00000278H .rdata$zzzdbg           DATA
 0002:00009608 00000008H .rtc$IAA                DATA
 0002:00009610 00000008H .rtc$IZZ                DATA
 0002:00009618 00000008H .rtc$TAA                DATA
 0002:00009620 00000008H .rtc$TZZ                DATA
 0002:00009628 00001158H .xdata                  DATA
 0002:0000a780 00000048H .edata                  DATA
 0002:0000a7c8 000000a0H .idata$2                DATA
 0002:0000a868 00000018H .idata$3                DATA
 0002:0000a880 00000278H .idata$4                DATA
 0002:0000aaf8 0000059cH .idata$6                DATA
 0003:00000000 00002ea0H .data                   DATA
 0003:00002ea0 00007b98H .bss                    DATA
 0004:00000000 00000abcH .pdata                  DATA
 0005:00000000 00001200H _RDATA                  DATA
 0006:00000000 00000060H .rsrc$01                DATA
 0006:00000060 00000180H .rsrc$02                DATA

  Address         Publics by Value              Rva+Base               Lib:Object

 0000:00000000       __guard_longjmp_count      0000000000000000     <absolute>
 0000:00000000       __guard_fids_count         0000000000000000     <absolute>
 0000:00000000       __guard_iat_table          0000000000000000     <absolute>
 0000:00000000       __guard_iat_count          0000000000000000     <absolute>
 0000:00000000       ___safe_se_handler_table   0000000000000000     <absolute>
 0000:00000000       __dynamic_value_reloc_table 0000000000000000     <absolute>
 0000:00000000       ___safe_se_handler_count   0000000000000000     <absolute>
 0000:00000000       __guard_fids_table         0000000000000000     <absolute>
 0000:00000000       __guard_longjmp_table      0000000000000000     <absolute>
 0000:00000100       __guard_flags              0000000000000100     <absolute>
 0000:00000000       __ImageBase                0000000180000000     <linker-defined>
 0001:00000000       KSTIFF8NOD                 0000000180001000 f   ESubroutines.obj
 0001:00001f00       CENTRVOL                   0000000180002f00 f   ESubroutines.obj
 0001:000024f0       KCOND8NOD                  00000001800034f0 f   ESubroutines.obj
 0001:00004940       PLTEL                      0000000180005940 f   ESubroutines.obj
 0001:00004be0       PLTDOF                     0000000180005be0 f   ESubroutines.obj
 0001:00004e10       CPOUT                      0000000180005e10 f   ESubroutines.obj
 0001:00004e50       VTKMESH_HEXA               0000000180005e50 f   ESubroutines.obj
 0001:00005550       VTK_CELLDATA               0000000180006550 f   ESubroutines.obj
 0001:000057d0       VTK_POINTDATA              00000001800067d0 f   ESubroutines.obj
 0001:000057e0       ASYMPT                     00000001800067e0 f   ksasymp.obj
 0001:000062d0       GENSUB                     00000001800072d0 f   ksasymp.obj
 0001:00006a00       MAXIM                      0000000180007a00 f   ksmaxim.obj
 0001:00009210       SUBSPA                     000000018000a210 f   ksmaxim.obj
 0001:0000b190       LDLSOL                     000000018000c190 f   ksmaxim.obj
 0001:0000b460       LDLFAC                     000000018000c460 f   ksmaxim.obj
 0001:0000b810       HESSI                      000000018000c810 f   ksmaxim.obj
 0001:0000bf50       XYZLAM                     000000018000cf50 f   ksmaxsu.obj
 0001:0000c230       GRADI                      000000018000d230 f   ksmaxsu.obj
 0001:0000cac0       LINESE                     000000018000dac0 f   ksmaxsu.obj
 0001:0000d330       LINDER                     000000018000e330 f   ksmaxsu.obj
 0001:0000da00       MMASUB                     000000018000ea00 f   ksmmasu.obj
 0001:0000dc70       USER01                     000000018000ec70 f   user01.obj
 0001:0001df00       USER02                     000000018001ef00 f   user02.obj
 0001:0002e910       USER03                     000000018002f910 f   user03.obj
 0001:0003c630       USER04                     000000018003d630 f   user04.obj
 0001:0004ad10       USER05                     000000018004bd10 f   user05.obj
 0001:00058e20       USER06                     0000000180059e20 f   user06.obj
 0001:00066990       VTK_CELLDATA2              0000000180067990 f   user06.obj
 0001:00066c00       KS1                        0000000180067c00 f   user06.obj
 0001:00068db0       VTKMESH_HEXA2              0000000180069db0 f   user06.obj
 0001:00069370       USER07                     000000018006a370 f   user07.obj
 0001:00076920       KS2                        0000000180077920 f   user07.obj
 0001:00078ad0       USER08                     0000000180079ad0 f   user08.obj
 0001:00087030       VTKMESH_HEXA1              0000000180088030 f   user08.obj
 0001:000875f0       VTK_CELLDATA1              00000001800885f0 f   user08.obj
 0001:00087860       KS3                        0000000180088860 f   user08.obj
 0001:00089a10       USER09                     000000018008aa10 f   user09.obj
 0001:00097540       VTK_CELLDATA9              0000000180098540 f   user09.obj
 0001:000977b0       KS9                        00000001800987b0 f   user09.obj
 0001:00099960       VTKMESH_HEXA9              000000018009a960 f   user09.obj
 0001:00099f20       USER10                     000000018009af20 f   user10.obj
 0001:000ac6d0       _intel_fast_memset.A       00000001800ad6d0 f   libirc:fastmemset.obj
 0001:000ac6e0       _intel_fast_memset.J       00000001800ad6e0 f   libirc:fastmemset.obj
 0001:000ac6f0       _intel_fast_memset.V       00000001800ad6f0 f   libirc:fastmemset.obj
 0001:000ac700       _intel_fast_memset.Z       00000001800ad700 f   libirc:fastmemset.obj
 0001:000ac710       _intel_fast_memset         00000001800ad710 f   libirc:fastmemset.obj
 0001:000ac790       _intel_fast_memcpy.A       00000001800ad790 f   libirc:fastmemcpy.obj
 0001:000ac7a0       _intel_fast_memcpy.J       00000001800ad7a0 f   libirc:fastmemcpy.obj
 0001:000ac7b0       _intel_fast_memcpy.V       00000001800ad7b0 f   libirc:fastmemcpy.obj
 0001:000ac7c0       _intel_fast_memcpy.Z       00000001800ad7c0 f   libirc:fastmemcpy.obj
 0001:000ac7d0       _intel_fast_memcpy         00000001800ad7d0 f   libirc:fastmemcpy.obj
 0001:000ac850       __intel_memset             00000001800ad850 f   libirc:fast_memset.obj
 0001:000ac850       __intel_new_memset         00000001800ad850 f   libirc:fast_memset.obj
 0001:000ad250       __intel_avx_rep_memset     00000001800ae250 f   libirc:intel_avx_rep_memset.obj
 0001:000ae2c0       __intel_mic_avx512f_memset 00000001800af2c0 f   libirc:intel_mic_avx512f_memset.obj
 0001:000afbc0       __intel_cpu_features_init  00000001800b0bc0 f   libirc:cpu_feature_disp.obj
 0001:000b0160       __intel_memcpy             00000001800b1160 f   libirc:fast_memcpy.obj
 0001:000b0160       __intel_new_memcpy         00000001800b1160 f   libirc:fast_memcpy.obj
 0001:000b1210       __intel_avx_rep_memcpy     00000001800b2210 f   libirc:intel_avx_rep_memcpy.obj
 0001:000b2ac0       __intel_mic_avx512f_memcpy 00000001800b3ac0 f   libirc:intel_mic_avx512f_memcpy.obj
 0001:000b4da0       __libirc_print             00000001800b5da0 f   libirc:irc_msg_support.obj
 0001:000b5840       __intel_lib_wrappers_init  00000001800b6840 f   libirc:intel_lib_vs_wrappers_init.obj
 0001:000b5dd0       RUNCOMMAND                 00000001800b6dd0 f   ANSYS:ANSYS.exe
 0001:000b5dd6       NDGXYZ                     00000001800b6dd6 f   ANSYS:ANSYS.exe
 0001:000b5ddc       ELMGET                     00000001800b6ddc f   ANSYS:ANSYS.exe
 0001:000b5de2       GETNOD                     00000001800b6de2 f   ANSYS:ANSYS.exe
 0001:000b5de8       ELMPUT                     00000001800b6de8 f   ANSYS:ANSYS.exe
 0001:000b5dee       WRINQR                     00000001800b6dee f   ANSYS:ANSYS.exe
 0001:000b5df4       DPINFUN                    00000001800b6df4 f   ANSYS:ANSYS.exe
 0001:000b5dfa       INTINFUN                   00000001800b6dfa f   ANSYS:ANSYS.exe
 0001:000b5e00       CH4INFUN                   00000001800b6e00 f   ANSYS:ANSYS.exe
 0001:000b5e06       PAREVL                     00000001800b6e06 f   ANSYS:ANSYS.exe
 0001:000b5e0c       MPGET                      00000001800b6e0c f   ANSYS:ANSYS.exe
 0001:000b5e12       MPPUT                      00000001800b6e12 f   ANSYS:ANSYS.exe
 0001:000b5e18       PARDEF                     00000001800b6e18 f   ANSYS:ANSYS.exe
 0001:000b5e1e       DSPGET                     00000001800b6e1e f   ANSYS:ANSYS.exe
 0001:000b5e24       ERHANDLER                  00000001800b6e24 f   ANSYS:ANSYS.exe
 0001:000b5e2a       TRACKEND                   00000001800b6e2a f   ANSYS:ANSYS.exe
 0001:000b5e30       for_write_seq_fmt          00000001800b6e30 f   libifcoremd:libifcoremd.dll
 0001:000b5e36       for_cpystr                 00000001800b6e36 f   libifcoremd:libifcoremd.dll
 0001:000b5e3c       for_concat                 00000001800b6e3c f   libifcoremd:libifcoremd.dll
 0001:000b5e42       for_write_seq_fmt_xmit     00000001800b6e42 f   libifcoremd:libifcoremd.dll
 0001:000b5e48       for_check_mult_overflow64  00000001800b6e48 f   libifcoremd:libifcoremd.dll
 0001:000b5e4e       for_alloc_allocatable      00000001800b6e4e f   libifcoremd:libifcoremd.dll
 0001:000b5e54       for_open                   00000001800b6e54 f   libifcoremd:libifcoremd.dll
 0001:000b5e5a       for_close                  00000001800b6e5a f   libifcoremd:libifcoremd.dll
 0001:000b5e60       for_dealloc_allocatable    00000001800b6e60 f   libifcoremd:libifcoremd.dll
 0001:000b5e66       for_write_int_fmt          00000001800b6e66 f   libifcoremd:libifcoremd.dll
 0001:000b5e6c       for_realloc_lhs            00000001800b6e6c f   libifcoremd:libifcoremd.dll
 0001:000b5e72       pow                        00000001800b6e72 f   libmmd:libmmd.dll
 0001:000b5e90       __chkstk                   00000001800b6e90 f   MSVCRT:_chkstk_.obj
 0001:000b5e90       _alloca_probe              00000001800b6e90 f   MSVCRT:_chkstk_.obj
 0001:000b6220       _DllMainCRTStartup         00000001800b7220 f   MSVCRT:dll_dllmain.obj
 0001:000b6260       __security_init_cookie     00000001800b7260 f   MSVCRT:gs_support.obj
 0001:000b630c       DllMain                    00000001800b730c f   MSVCRT:dll_dllmain_stub.obj
 0001:000b6330       ?__scrt_initialize_type_info@@YAXXZ 00000001800b7330 f   MSVCRT:tncleanup.obj
 0001:000b6340       ?__scrt_uninitialize_type_info@@YAXXZ 00000001800b7340 f   MSVCRT:tncleanup.obj
 0001:000b634c       __local_stdio_printf_options 00000001800b734c f i MSVCRT:default_local_stdio_options.obj
 0001:000b6354       __local_stdio_scanf_options 00000001800b7354 f i MSVCRT:default_local_stdio_options.obj
 0001:000b635c       __scrt_initialize_default_local_stdio_options 00000001800b735c f   MSVCRT:default_local_stdio_options.obj
 0001:000b6378       __scrt_acquire_startup_lock 00000001800b7378 f   MSVCRT:utility.obj
 0001:000b63b4       __scrt_dllmain_after_initialize_c 00000001800b73b4 f   MSVCRT:utility.obj
 0001:000b63e8       __scrt_dllmain_before_initialize_c 00000001800b73e8 f   MSVCRT:utility.obj
 0001:000b6400       __scrt_dllmain_crt_thread_attach 00000001800b7400 f   MSVCRT:utility.obj
 0001:000b6428       __scrt_dllmain_crt_thread_detach 00000001800b7428 f   MSVCRT:utility.obj
 0001:000b6440       __scrt_dllmain_exception_filter 00000001800b7440 f   MSVCRT:utility.obj
 0001:000b64a4       __scrt_dllmain_uninitialize_c 00000001800b74a4 f   MSVCRT:utility.obj
 0001:000b64d4       __scrt_dllmain_uninitialize_critical 00000001800b74d4 f   MSVCRT:utility.obj
 0001:000b64e8       __scrt_initialize_crt      00000001800b74e8 f   MSVCRT:utility.obj
 0001:000b6534       __scrt_initialize_onexit_tables 00000001800b7534 f   MSVCRT:utility.obj
 0001:000b6614       __scrt_is_nonwritable_in_current_image 00000001800b7614 f   MSVCRT:utility.obj
 0001:000b66b0       __scrt_release_startup_lock 00000001800b76b0 f   MSVCRT:utility.obj
 0001:000b66d4       __scrt_uninitialize_crt    00000001800b76d4 f   MSVCRT:utility.obj
 0001:000b6700       __scrt_get_dyn_tls_init_callback 00000001800b7700 f   MSVCRT:dyn_tls_init.obj
 0001:000b6708       __scrt_fastfail            00000001800b7708 f   MSVCRT:utility_desktop.obj
 0001:000b6850       _RTC_Initialize            00000001800b7850 f   MSVCRT:_initsect_.obj
 0001:000b689c       _RTC_Terminate             00000001800b789c f   MSVCRT:_initsect_.obj
 0001:000b68e8       _guard_check_icall         00000001800b78e8 f i MSVCRT:checkcfg.obj
 0001:000b68f0       __isa_available_init       00000001800b78f0 f   MSVCRT:_cpu_disp_.obj
 0001:000b6aac       _get_startup_argv_mode     00000001800b7aac f   MSVCRT:argv_mode.obj
 0001:000b6ab4       __scrt_is_ucrt_dll_in_use  00000001800b7ab4 f   MSVCRT:ucrt_detection.obj
 0001:000b6ac0       _guard_check_icall_nop     00000001800b7ac0 f i MSVCRT:guard_support.obj
 0001:000b6ad0       IsProcessorFeaturePresent  00000001800b7ad0 f   kernel32:KERNEL32.dll
 0001:000b6ad6       __C_specific_handler       00000001800b7ad6 f   vcruntime:VCRUNTIME140.dll
 0001:000b6adc       __std_type_info_destroy_list 00000001800b7adc f   vcruntime:VCRUNTIME140.dll
 0001:000b6ae2       memset                     00000001800b7ae2 f   vcruntime:VCRUNTIME140.dll
 0001:000b6ae8       memcpy                     00000001800b7ae8 f   vcruntime:VCRUNTIME140.dll
 0001:000b6aee       _initterm                  00000001800b7aee f   ucrt:api-ms-win-crt-runtime-l1-1-0.dll
 0001:000b6af4       _initterm_e                00000001800b7af4 f   ucrt:api-ms-win-crt-runtime-l1-1-0.dll
 0001:000b6afa       _seh_filter_dll            00000001800b7afa f   ucrt:api-ms-win-crt-runtime-l1-1-0.dll
 0001:000b6b00       _configure_narrow_argv     00000001800b7b00 f   ucrt:api-ms-win-crt-runtime-l1-1-0.dll
 0001:000b6b06       _initialize_narrow_environment 00000001800b7b06 f   ucrt:api-ms-win-crt-runtime-l1-1-0.dll
 0001:000b6b0c       _initialize_onexit_table   00000001800b7b0c f   ucrt:api-ms-win-crt-runtime-l1-1-0.dll
 0001:000b6b12       _execute_onexit_table      00000001800b7b12 f   ucrt:api-ms-win-crt-runtime-l1-1-0.dll
 0001:000b6b18       _cexit                     00000001800b7b18 f   ucrt:api-ms-win-crt-runtime-l1-1-0.dll
 0001:000b6b1e       getenv                     00000001800b7b1e f   ucrt:api-ms-win-crt-environment-l1-1-0.dll
 0001:000b6b24       exit                       00000001800b7b24 f   ucrt:api-ms-win-crt-runtime-l1-1-0.dll
 0001:000b6b2a       strlen                     00000001800b7b2a f   ucrt:api-ms-win-crt-string-l1-1-0.dll
 0001:000b6b30       strncpy                    00000001800b7b30 f   ucrt:api-ms-win-crt-string-l1-1-0.dll
 0001:000b6b36       strcat_s                   00000001800b7b36 f   ucrt:api-ms-win-crt-string-l1-1-0.dll
 0001:000b6b3c       _errno                     00000001800b7b3c f   ucrt:api-ms-win-crt-runtime-l1-1-0.dll
 0001:000b6b60       __security_check_cookie    00000001800b7b60 f   MSVCRT:_amdsecgs_.obj
 0001:000b6b84       __GSHandlerCheck           00000001800b7b84 f   MSVCRT:_gshandler_.obj
 0001:000b6ba4       __GSHandlerCheckCommon     00000001800b7ba4 f   MSVCRT:_gshandler_.obj
 0001:000b6c00       __raise_securityfailure    00000001800b7c00 f   MSVCRT:gs_report.obj
 0001:000b6c34       __report_gsfailure         00000001800b7c34 f   MSVCRT:gs_report.obj
 0001:000b6d7c       __vcrt_thread_detach       00000001800b7d7c f   MSVCRT:ucrt_stubs.obj
 0001:000b6d7c       __scrt_stub_for_acrt_uninitialize 00000001800b7d7c f   MSVCRT:ucrt_stubs.obj
 0001:000b6d7c       __acrt_initialize          00000001800b7d7c f   MSVCRT:ucrt_stubs.obj
 0001:000b6d7c       __acrt_uninitialize        00000001800b7d7c f   MSVCRT:ucrt_stubs.obj
 0001:000b6d7c       __scrt_stub_for_acrt_thread_detach 00000001800b7d7c f   MSVCRT:ucrt_stubs.obj
 0001:000b6d7c       __vcrt_initialize          00000001800b7d7c f   MSVCRT:ucrt_stubs.obj
 0001:000b6d7c       __acrt_thread_detach       00000001800b7d7c f   MSVCRT:ucrt_stubs.obj
 0001:000b6d7c       __scrt_stub_for_acrt_thread_attach 00000001800b7d7c f   MSVCRT:ucrt_stubs.obj
 0001:000b6d7c       __scrt_stub_for_acrt_uninitialize_critical 00000001800b7d7c f   MSVCRT:ucrt_stubs.obj
 0001:000b6d7c       __acrt_uninitialize_critical 00000001800b7d7c f   MSVCRT:ucrt_stubs.obj
 0001:000b6d7c       __vcrt_uninitialize_critical 00000001800b7d7c f   MSVCRT:ucrt_stubs.obj
 0001:000b6d7c       __acrt_thread_attach       00000001800b7d7c f   MSVCRT:ucrt_stubs.obj
 0001:000b6d7c       __scrt_stub_for_acrt_initialize 00000001800b7d7c f   MSVCRT:ucrt_stubs.obj
 0001:000b6d7c       __vcrt_thread_attach       00000001800b7d7c f   MSVCRT:ucrt_stubs.obj
 0001:000b6d7c       __vcrt_uninitialize        00000001800b7d7c f   MSVCRT:ucrt_stubs.obj
 0001:000b6d80       _is_c_termination_complete 00000001800b7d80 f   MSVCRT:ucrt_stubs.obj
 0001:000b6d80       __scrt_stub_for_is_c_termination_complete 00000001800b7d80 f   MSVCRT:ucrt_stubs.obj
 0001:000b6da0       _guard_dispatch_icall_nop  00000001800b7da0 f   MSVCRT:_guard_dispatch_.obj
 0002:00000000       __imp_RUNCOMMAND           00000001800b8000     ANSYS:ANSYS.exe
 0002:00000008       __imp_NDGXYZ               00000001800b8008     ANSYS:ANSYS.exe
 0002:00000010       __imp_ELMGET               00000001800b8010     ANSYS:ANSYS.exe
 0002:00000018       __imp_GETNOD               00000001800b8018     ANSYS:ANSYS.exe
 0002:00000020       __imp_ELMPUT               00000001800b8020     ANSYS:ANSYS.exe
 0002:00000028       __imp_WRINQR               00000001800b8028     ANSYS:ANSYS.exe
 0002:00000030       __imp_DPINFUN              00000001800b8030     ANSYS:ANSYS.exe
 0002:00000038       __imp_INTINFUN             00000001800b8038     ANSYS:ANSYS.exe
 0002:00000040       __imp_CH4INFUN             00000001800b8040     ANSYS:ANSYS.exe
 0002:00000048       __imp_PAREVL               00000001800b8048     ANSYS:ANSYS.exe
 0002:00000050       __imp_MPGET                00000001800b8050     ANSYS:ANSYS.exe
 0002:00000058       __imp_MPPUT                00000001800b8058     ANSYS:ANSYS.exe
 0002:00000060       __imp_PARDEF               00000001800b8060     ANSYS:ANSYS.exe
 0002:00000068       __imp_DSPGET               00000001800b8068     ANSYS:ANSYS.exe
 0002:00000070       __imp_ERHANDLER            00000001800b8070     ANSYS:ANSYS.exe
 0002:00000078       __imp_TRACKEND             00000001800b8078     ANSYS:ANSYS.exe
 0002:00000080       \177ANSYS_NULL_THUNK_DATA  00000001800b8080     ANSYS:ANSYS.exe
 0002:00000088       __imp_GetCurrentProcess    00000001800b8088     kernel32:KERNEL32.dll
 0002:00000090       __imp_EnterCriticalSection 00000001800b8090     kernel32:KERNEL32.dll
 0002:00000098       __imp_GetEnvironmentVariableA 00000001800b8098     kernel32:KERNEL32.dll
 0002:000000a0       __imp_GetModuleHandleExA   00000001800b80a0     kernel32:KERNEL32.dll
 0002:000000a8       __imp_GetProcAddress       00000001800b80a8     kernel32:KERNEL32.dll
 0002:000000b0       __imp_LeaveCriticalSection 00000001800b80b0     kernel32:KERNEL32.dll
 0002:000000b8       __imp_LoadLibraryExA       00000001800b80b8     kernel32:KERNEL32.dll
 0002:000000c0       __imp_InitializeCriticalSection 00000001800b80c0     kernel32:KERNEL32.dll
 0002:000000c8       __imp_GetThreadLocale      00000001800b80c8     kernel32:KERNEL32.dll
 0002:000000d0       __imp_LoadLibraryA         00000001800b80d0     kernel32:KERNEL32.dll
 0002:000000d8       __imp_FormatMessageA       00000001800b80d8     kernel32:KERNEL32.dll
 0002:000000e0       __imp_IsProcessorFeaturePresent 00000001800b80e0     kernel32:KERNEL32.dll
 0002:000000e8       __imp_QueryPerformanceCounter 00000001800b80e8     kernel32:KERNEL32.dll
 0002:000000f0       __imp_GetCurrentProcessId  00000001800b80f0     kernel32:KERNEL32.dll
 0002:000000f8       __imp_GetCurrentThreadId   00000001800b80f8     kernel32:KERNEL32.dll
 0002:00000100       __imp_GetSystemTimeAsFileTime 00000001800b8100     kernel32:KERNEL32.dll
 0002:00000108       __imp_DisableThreadLibraryCalls 00000001800b8108     kernel32:KERNEL32.dll
 0002:00000110       __imp_InitializeSListHead  00000001800b8110     kernel32:KERNEL32.dll
 0002:00000118       __imp_RtlCaptureContext    00000001800b8118     kernel32:KERNEL32.dll
 0002:00000120       __imp_RtlLookupFunctionEntry 00000001800b8120     kernel32:KERNEL32.dll
 0002:00000128       __imp_RtlVirtualUnwind     00000001800b8128     kernel32:KERNEL32.dll
 0002:00000130       __imp_IsDebuggerPresent    00000001800b8130     kernel32:KERNEL32.dll
 0002:00000138       __imp_UnhandledExceptionFilter 00000001800b8138     kernel32:KERNEL32.dll
 0002:00000140       __imp_SetUnhandledExceptionFilter 00000001800b8140     kernel32:KERNEL32.dll
 0002:00000148       __imp_TerminateProcess     00000001800b8148     kernel32:KERNEL32.dll
 0002:00000150       \177KERNEL32_NULL_THUNK_DATA 00000001800b8150     kernel32:KERNEL32.dll
 0002:00000158       __imp_memcpy               00000001800b8158     vcruntime:VCRUNTIME140.dll
 0002:00000160       __imp_memset               00000001800b8160     vcruntime:VCRUNTIME140.dll
 0002:00000168       __imp___std_type_info_destroy_list 00000001800b8168     vcruntime:VCRUNTIME140.dll
 0002:00000170       __imp___C_specific_handler 00000001800b8170     vcruntime:VCRUNTIME140.dll
 0002:00000178       \177VCRUNTIME140_NULL_THUNK_DATA 00000001800b8178     vcruntime:VCRUNTIME140.dll
 0002:00000180       __imp_getenv               00000001800b8180     ucrt:api-ms-win-crt-environment-l1-1-0.dll
 0002:00000188       \177api-ms-win-crt-environment-l1-1-0_NULL_THUNK_DATA 00000001800b8188     ucrt:api-ms-win-crt-environment-l1-1-0.dll
 0002:00000190       __imp__cexit               00000001800b8190     ucrt:api-ms-win-crt-runtime-l1-1-0.dll
 0002:00000198       __imp__execute_onexit_table 00000001800b8198     ucrt:api-ms-win-crt-runtime-l1-1-0.dll
 0002:000001a0       __imp__initialize_onexit_table 00000001800b81a0     ucrt:api-ms-win-crt-runtime-l1-1-0.dll
 0002:000001a8       __imp_exit                 00000001800b81a8     ucrt:api-ms-win-crt-runtime-l1-1-0.dll
 0002:000001b0       __imp__errno               00000001800b81b0     ucrt:api-ms-win-crt-runtime-l1-1-0.dll
 0002:000001b8       __imp__initterm            00000001800b81b8     ucrt:api-ms-win-crt-runtime-l1-1-0.dll
 0002:000001c0       __imp__initterm_e          00000001800b81c0     ucrt:api-ms-win-crt-runtime-l1-1-0.dll
 0002:000001c8       __imp__seh_filter_dll      00000001800b81c8     ucrt:api-ms-win-crt-runtime-l1-1-0.dll
 0002:000001d0       __imp__configure_narrow_argv 00000001800b81d0     ucrt:api-ms-win-crt-runtime-l1-1-0.dll
 0002:000001d8       __imp__initialize_narrow_environment 00000001800b81d8     ucrt:api-ms-win-crt-runtime-l1-1-0.dll
 0002:000001e0       \177api-ms-win-crt-runtime-l1-1-0_NULL_THUNK_DATA 00000001800b81e0     ucrt:api-ms-win-crt-runtime-l1-1-0.dll
 0002:000001e8       __imp_strlen               00000001800b81e8     ucrt:api-ms-win-crt-string-l1-1-0.dll
 0002:000001f0       __imp_strcat_s             00000001800b81f0     ucrt:api-ms-win-crt-string-l1-1-0.dll
 0002:000001f8       __imp_strncpy              00000001800b81f8     ucrt:api-ms-win-crt-string-l1-1-0.dll
 0002:00000200       \177api-ms-win-crt-string-l1-1-0_NULL_THUNK_DATA 00000001800b8200     ucrt:api-ms-win-crt-string-l1-1-0.dll
 0002:00000208       __imp_for_alloc_allocatable 00000001800b8208     libifcoremd:libifcoremd.dll
 0002:00000210       __imp_for_open             00000001800b8210     libifcoremd:libifcoremd.dll
 0002:00000218       __imp_for_close            00000001800b8218     libifcoremd:libifcoremd.dll
 0002:00000220       __imp_for_dealloc_allocatable 00000001800b8220     libifcoremd:libifcoremd.dll
 0002:00000228       __imp_for_check_mult_overflow64 00000001800b8228     libifcoremd:libifcoremd.dll
 0002:00000230       __imp_for_cpystr           00000001800b8230     libifcoremd:libifcoremd.dll
 0002:00000238       __imp_for_write_seq_fmt_xmit 00000001800b8238     libifcoremd:libifcoremd.dll
 0002:00000240       __imp_for_concat           00000001800b8240     libifcoremd:libifcoremd.dll
 0002:00000248       __imp_for_realloc_lhs      00000001800b8248     libifcoremd:libifcoremd.dll
 0002:00000250       __imp_for_write_seq_fmt    00000001800b8250     libifcoremd:libifcoremd.dll
 0002:00000258       __imp_for_write_int_fmt    00000001800b8258     libifcoremd:libifcoremd.dll
 0002:00000260       \177libifcoremd_NULL_THUNK_DATA 00000001800b8260     libifcoremd:libifcoremd.dll
 0002:00000268       __imp_pow                  00000001800b8268     libmmd:libmmd.dll
 0002:00000270       \177libmmd_NULL_THUNK_DATA 00000001800b8270     libmmd:libmmd.dll
 0002:00000278       __guard_check_icall_fptr   00000001800b8278     MSVCRT:guard_support.obj
 0002:00000280       __guard_dispatch_icall_fptr 00000001800b8280     MSVCRT:guard_support.obj
 0002:00000288       __xc_a                     00000001800b8288     MSVCRT:initializers.obj
 0002:00000298       __xc_z                     00000001800b8298     MSVCRT:initializers.obj
 0002:000002a0       __xi_a                     00000001800b82a0     MSVCRT:initializers.obj
 0002:000002a8       __xi_z                     00000001800b82a8     MSVCRT:initializers.obj
 0002:000002b0       __xp_a                     00000001800b82b0     MSVCRT:initializers.obj
 0002:000002b8       __xp_z                     00000001800b82b8     MSVCRT:initializers.obj
 0002:000002c0       __xt_a                     00000001800b82c0     MSVCRT:initializers.obj
 0002:000002c8       __xt_z                     00000001800b82c8     MSVCRT:initializers.obj
 0002:00007f00       _pRawDllMain               00000001800bff00     MSVCRT:dll_dllmain.obj
 0002:00007f00       _pDefaultRawDllMain        00000001800bff00     MSVCRT:dll_dllmain.obj
 0002:00007f08       ??_C@_0BF@A@__INTEL_LIBIRC_DEBUG?$AA@ 00000001800bff08     libirc:fast_mem_ops.obj
 0002:00008300       ??_C@_01A@?6?$AA@          00000001800c0300     libirc:irc_msg_support.obj
 0002:00008304       ??_C@_0CO@A@Constant?5propagation?5error?5?$CI?$CFs?5substitution?$CJ?3?$AA@ 00000001800c0304     libirc:irc_msg_support.obj
 0002:00008334       ??_C@_06A@FORMAL?$AA@      00000001800c0334     libirc:irc_msg_support.obj
 0002:0000833c       ??_C@_06A@RETURN?$AA@      00000001800c033c     libirc:irc_msg_support.obj
 0002:00008344       ??_C@_06A@GLOBAL?$AA@      00000001800c0344     libirc:irc_msg_support.obj
 0002:0000834c       ??_C@_0BA@A@?7I32?5?$CFlx?5?$CB?$DN?5?$CFlx?$AA@ 00000001800c034c     libirc:irc_msg_support.obj
 0002:0000835c       ??_C@_0BB@A@?7SI32?5?$CFld?5?$CB?$DN?5?$CFld?$AA@ 00000001800c035c     libirc:irc_msg_support.obj
 0002:00008370       ??_C@_0O@A@?7F32?5?$CFf?5?$CB?$DN?5?$CFf?$AA@ 00000001800c0370     libirc:irc_msg_support.obj
 0002:00008380       ??_C@_0BI@A@?7I64?5?$CFlx?3?$CFlx?5?$CB?$DN?5?$CFlx?3?$CFlx?$AA@ 00000001800c0380     libirc:irc_msg_support.obj
 0002:00008398       ??_C@_0BJ@A@?7SI64?5?$CFld?3?$CFld?5?$CB?$DN?5?$CFld?3?$CFld?$AA@ 00000001800c0398     libirc:irc_msg_support.obj
 0002:000083b4       ??_C@_0O@A@?7F64?5?$CFf?5?$CB?$DN?5?$CFf?$AA@ 00000001800c03b4     libirc:irc_msg_support.obj
 0002:000083c4       ??_C@_0BE@A@Bad?5second?5argument?$AA@ 00000001800c03c4     libirc:irc_msg_support.obj
 0002:000083d8       ??_C@_0CH@A@Fatal?5Error?3?5Can?5not?5initiate?5the?5Heap?$AA@ 00000001800c03d8     libirc:irc_msg_support.obj
 0002:00008400       ??_C@_0CB@A@Usage?3?5?$CFs?5input_file?5output_file?$AA@ 00000001800c0400     libirc:irc_msg_support.obj
 0002:00008424       ??_C@_0CL@A@Usage?3?5?$CFs?5segment_size?5input_file?5?$FL?9trace?$FN?$AA@ 00000001800c0424     libirc:irc_msg_support.obj
 0002:00008450       ??_C@_0DE@A@Conversion?5from?5text?5file?5?$CFs?5to?5binary?5?$CFs?5completed?$AA@ 00000001800c0450     libirc:irc_msg_support.obj
 0002:00008484       ??_C@_0BJ@A@segment_size?5?$DN?50x?$CFx?5?$DN?5?$CFd?$AA@ 00000001800c0484     libirc:irc_msg_support.obj
 0002:000084a0       ??_C@_0DF@A@Cannot?5allocate?5memory?5to?5hold?5segment?5?$CIsize?5?$DN?50x?$CFx?$CJ?$AA@ 00000001800c04a0     libirc:irc_msg_support.obj
 0002:000084d8       ??_C@_0BJ@A@Input?5file?3?5?$CFs?5corrupted?$AA@ 00000001800c04d8     libirc:irc_msg_support.obj
 0002:000084f4       ??_C@_0BE@A@routine_name?5?$DN?5?8?$CFs?8?$AA@ 00000001800c04f4     libirc:irc_msg_support.obj
 0002:00008508       ??_C@_0BE@A@file_name?5?5?5?5?$DN?5?8?$CFs?8?$AA@ 00000001800c0508     libirc:irc_msg_support.obj
 0002:0000851c       ??_C@_0BE@A@prof_dir?5?5?5?5?5?$DN?5?8?$CFs?8?$AA@ 00000001800c051c     libirc:irc_msg_support.obj
 0002:00008530       ??_C@_0CP@A@Dynamic?5profile?5created?5from?5file?5?$CFs?5completed?$AA@ 00000001800c0530     libirc:irc_msg_support.obj
 0002:00008560       ??_C@_0FA@A@Fatal?5Error?3?5This?5program?5was?5not?5built?5to?5run?5on?5the?5processor?5in?5your?5system?4?$AA@ 00000001800c0560     libirc:irc_msg_support.obj
 0002:000085c0       ??_C@_0CA@A@The?5allowed?5processors?5are?3?5?$CFs?4?$AA@ 00000001800c05c0     libirc:irc_msg_support.obj
 0002:000085e0       ??_C@_0FC@A@Run?9Time?5Check?5Failure?3?5The?5variable?5?8?$CFs?8?5is?5being?5used?5without?5being?5initialized?$AA@ 00000001800c05e0     libirc:irc_msg_support.obj
 0002:00008640       ??_C@_0CN@A@Error?3?5?5Buffer?5overrun?5occurred?0?5forced?5exit?$AA@ 00000001800c0640     libirc:irc_msg_support.obj
 0002:00008670       ??_C@_0DH@A@Initialization?5of?5symbol?5handler?5failed?4?5Error?5code?5?$CFd?$AA@ 00000001800c0670     libirc:irc_msg_support.obj
 0002:000086a8       ??_C@_0BH@A@NTDLL?5module?5not?5found?$AA@ 00000001800c06a8     libirc:irc_msg_support.obj
 0002:000086c0       ??_C@_0DC@A@RtlCaptureContext?5function?5not?5found?5in?5ntdll?4dll?$AA@ 00000001800c06c0     libirc:irc_msg_support.obj
 0002:00008700       ??_C@_0EB@A@?5Windows?5XP?564?9bit?5Edition?5Version?52003?5or?5newer?5should?5be?5used?4?$AA@ 00000001800c0700     libirc:irc_msg_support.obj
 0002:00008760       ??_C@_0DC@A@StackWalk?5is?5terminated?5abnormally?4?5Error?5code?5?$CFd?$AA@ 00000001800c0760     libirc:irc_msg_support.obj
 0002:00008794       ??_C@_0CJ@A@Exception?5is?5raised?5during?5stack?5walking?$AA@ 00000001800c0794     libirc:irc_msg_support.obj
 0002:000087c0       ??_C@_0BE@A@Signal?5?$CFs?5is?5raised?$AA@ 00000001800c07c0     libirc:irc_msg_support.obj
 0002:000087d4       ??_C@_0BM@A@Signal?5?$CFs?5is?5raised?5at?50x?$CFp?$AA@ 00000001800c07d4     libirc:irc_msg_support.obj
 0002:000087f0       ??_C@_07A@SIGSEGV?$AA@     00000001800c07f0     libirc:irc_msg_support.obj
 0002:000087f8       ??_C@_06A@SIGILL?$AA@      00000001800c07f8     libirc:irc_msg_support.obj
 0002:00008800       ??_C@_06A@SIGBUS?$AA@      00000001800c0800     libirc:irc_msg_support.obj
 0002:00008808       ??_C@_06A@SIGFPE?$AA@      00000001800c0808     libirc:irc_msg_support.obj
 0002:00008810       ??_C@_07A@unknown?$AA@     00000001800c0810     libirc:irc_msg_support.obj
 0002:00008818       ??_C@_08A@No?5error?$AA@   00000001800c0818     libirc:irc_msg_support.obj
 0002:00008824       ??_C@_0DM@A@You?5must?5link?5with?5libunwind?5to?5use?5traceback?5functionality?$AA@ 00000001800c0824     libirc:irc_msg_support.obj
 0002:00008860       ??_C@_0IL@A@Intel?$CIR?$CJ?5Core?$CITM?$CJ?5Duo?5processors?5and?5compatible?5Intel?5processors?5with?5supplemental?5Streaming?5SIMD?5Extensions?53?5?$CISSSE3?$CJ?5instruction?5support?$AA@ 00000001800c0860     libirc:irc_msg_support.obj
 0002:00008900       ??_C@_0IE@A@Intel?$CIR?$CJ?5Pentium?$CIR?$CJ?54?5and?5compatible?5Intel?5processors?5with?5Intel?$CIR?$CJ?5Streaming?5SIMD?5Extensions?53?5?$CIIntel?$CIR?$CJ?5SSE3?$CJ?5instruction?5support?$AA@ 00000001800c0900     libirc:irc_msg_support.obj
 0002:000089a0       ??_C@_0DG@A@Intel?$CIR?$CJ?5Pentium?$CIR?$CJ?5M?5and?5compatible?5Intel?5processors?$AA@ 00000001800c09a0     libirc:irc_msg_support.obj
 0002:000089e0       ??_C@_0IH@A@Intel?$CIR?$CJ?5Pentium?$CIR?$CJ?54?5and?5compatible?5Intel?5processors?4?5Enables?5new?5optimizations?5in?5addition?5to?5Intel?5processor?9specific?5optimizations?$AA@ 00000001800c09e0     libirc:irc_msg_support.obj
 0002:00008a80       ??_C@_0DI@A@Intel?$CIR?$CJ?5processors?5with?5Swing?5New?5Instructions?5support?$AA@ 00000001800c0a80     libirc:irc_msg_support.obj
 0002:00008ac0       ??_C@_0EA@A@Intel?$CIR?$CJ?5processors?5with?5SSE4?42?5and?5POPCNT?5instructions?5support?$AA@ 00000001800c0ac0     libirc:irc_msg_support.obj
 0002:00008b00       ??_C@_0DE@A@Intel?$CIR?$CJ?5processors?5with?5MOVBE?5instructions?5support?$AA@ 00000001800c0b00     libirc:irc_msg_support.obj
 0002:00008b34       ??_C@_0DP@A@Fatal?5Error?3?5This?5program?5was?5not?5built?5to?5run?5in?5your?5system?4?$AA@ 00000001800c0b34     libirc:irc_msg_support.obj
 0002:00008b80       ??_C@_0FF@A@Please?5verify?5that?5both?5the?5operating?5system?5and?5the?5processor?5support?5Intel?$CIR?$CJ?5AVX?4?$AA@ 00000001800c0b80     libirc:irc_msg_support.obj
 0002:00008be0       ??_C@_0HD@A@Please?5verify?5that?5both?5the?5operating?5system?5and?5the?5processor?5support?5Intel?$CIR?$CJ?5AVX?0?5F16C?5and?5RDRAND?5instructions?4?$AA@ 00000001800c0be0     libirc:irc_msg_support.obj
 0002:00008c60       ??_C@_0IB@A@Please?5verify?5that?5both?5the?5operating?5system?5and?5the?5processor?5support?5Intel?$CIR?$CJ?5AVX2?0?5BMI?0?5LZCNT?0?5HLE?0?5RTM?5and?5FMA?5instructions?4?$AA@ 00000001800c0c60     libirc:irc_msg_support.obj
 0002:00008d00       ??_C@_0DC@A@Boundary?5Run?9Time?5Check?5Failure?5for?5variable?5?8?$CFs?8?$AA@ 00000001800c0d00     libirc:irc_msg_support.obj
 0002:00008d34       ??_C@_0CA@A@Boundary?5Run?9Time?5Check?5Failure?$AA@ 00000001800c0d34     libirc:irc_msg_support.obj
 0002:00008d54       ??_C@_0CC@A@Conversion?5Run?9Time?5Check?5Failure?$AA@ 00000001800c0d54     libirc:irc_msg_support.obj
 0002:00008d80       ??_C@_0GB@A@Please?5verify?5that?5both?5the?5operating?5system?5and?5the?5processor?5support?5Intel?$CIR?$CJ?5?$CFs?5instructions?4?$AA@ 00000001800c0d80     libirc:irc_msg_support.obj
 0002:00008e00       ??_C@_05A@?5and?5?$AA@     00000001800c0e00     libirc:irc_msg_support.obj
 0002:00008e20       ??_C@_0FG@A@Please?5verify?5that?5your?5application?5was?5built?5with?5compatible?5Intel?$CIR?$CJ?5libirc?5library?$AA@ 00000001800c0e20     libirc:irc_msg_support.obj
 0002:00008e80       ??_C@_0EH@A@Use?5of?5incompatible?5or?5internally?5inconsistent?5Intel?$CIR?$CJ?5libirc?5library?$AA@ 00000001800c0e80     libirc:irc_msg_support.obj
 0002:00008ee0       ??_C@_0FI@A@Run?9Time?5Check?5Failure?3?5The?5variable?5?8?$CFs?8?5is?5being?5used?5in?5?$CFs?5without?5being?5initialized?$AA@ 00000001800c0ee0     libirc:irc_msg_support.obj
 0002:00008f40       ??_C@_0GP@A@Cache?5size?5is?5incorrectly?5reported?5as?50?4?5Please?5engage?5your?5hardware?5and?1or?5OS?5support?5to?5address?5the?5problem?4?$AA@ 00000001800c0f40     libirc:irc_msg_support.obj
 0002:00008fc0       ??_C@_06A@?$CFlu?1?$CFs?$AA@ 00000001800c0fc0     libirc:irc_msg_support.obj
 0002:00008fc8       ??_C@_0M@A@irc_msg?4dll?$AA@ 00000001800c0fc8     libirc:irc_msg_support.obj
 0002:00008fd4       ??_C@_06A@?$CDdummy?$AA@   00000001800c0fd4     libirc:intel_lib_vs_wrappers_init.obj
 0002:00008fdc       ??_C@_07A@?$CDprintf?$AA@  00000001800c0fdc     libirc:intel_lib_vs_wrappers_init.obj
 0002:00008fe4       ??_C@_09A@?$CDprintf_s?$AA@ 00000001800c0fe4     libirc:intel_lib_vs_wrappers_init.obj
 0002:00008ff0       ??_C@_0M@A@?$CD__iob_func?$AA@ 00000001800c0ff0     libirc:intel_lib_vs_wrappers_init.obj
 0002:00008ffc       ??_C@_07A@?$CDfclose?$AA@  00000001800c0ffc     libirc:intel_lib_vs_wrappers_init.obj
 0002:00009004       ??_C@_07A@?$CDfflush?$AA@  00000001800c1004     libirc:intel_lib_vs_wrappers_init.obj
 0002:0000900c       ??_C@_06A@?$CDfopen?$AA@   00000001800c100c     libirc:intel_lib_vs_wrappers_init.obj
 0002:00009014       ??_C@_08A@?$CDfopen_s?$AA@ 00000001800c1014     libirc:intel_lib_vs_wrappers_init.obj
 0002:00009020       ??_C@_08A@?$CDfprintf?$AA@ 00000001800c1020     libirc:intel_lib_vs_wrappers_init.obj
 0002:0000902c       ??_C@_0L@A@?$CDfprintf_s?$AA@ 00000001800c102c     libirc:intel_lib_vs_wrappers_init.obj
 0002:00009038       ??_C@_09A@?$CDfwprintf?$AA@ 00000001800c1038     libirc:intel_lib_vs_wrappers_init.obj
 0002:00009044       ??_C@_0M@A@?$CDfwprintf_s?$AA@ 00000001800c1044     libirc:intel_lib_vs_wrappers_init.obj
 0002:00009050       ??_C@_0L@A@?$CD_snprintf?$AA@ 00000001800c1050     libirc:intel_lib_vs_wrappers_init.obj
 0002:0000905c       ??_C@_0N@A@?$CD_snprintf_s?$AA@ 00000001800c105c     libirc:intel_lib_vs_wrappers_init.obj
 0002:0000906c       ??_C@_08A@?$CDsprintf?$AA@ 00000001800c106c     libirc:intel_lib_vs_wrappers_init.obj
 0002:00009078       ??_C@_0L@A@?$CDsprintf_s?$AA@ 00000001800c1078     libirc:intel_lib_vs_wrappers_init.obj
 0002:00009084       ??_C@_07A@?$CDsscanf?$AA@  00000001800c1084     libirc:intel_lib_vs_wrappers_init.obj
 0002:0000908c       ??_C@_09A@?$CDsscanf_s?$AA@ 00000001800c108c     libirc:intel_lib_vs_wrappers_init.obj
 0002:00009098       ??_C@_0M@A@?$CDswprintf_s?$AA@ 00000001800c1098     libirc:intel_lib_vs_wrappers_init.obj
 0002:000090a4       ??_C@_09A@?$CDvfprintf?$AA@ 00000001800c10a4     libirc:intel_lib_vs_wrappers_init.obj
 0002:000090b0       ??_C@_0M@A@?$CDvfprintf_s?$AA@ 00000001800c10b0     libirc:intel_lib_vs_wrappers_init.obj
 0002:000090bc       ??_C@_08A@?$CDvprintf?$AA@ 00000001800c10bc     libirc:intel_lib_vs_wrappers_init.obj
 0002:000090c8       ??_C@_0L@A@?$CDvprintf_s?$AA@ 00000001800c10c8     libirc:intel_lib_vs_wrappers_init.obj
 0002:000090d4       ??_C@_0M@A@?$CD_vscprintf?$AA@ 00000001800c10d4     libirc:intel_lib_vs_wrappers_init.obj
 0002:000090e0       ??_C@_09A@?$CDvsprintf?$AA@ 00000001800c10e0     libirc:intel_lib_vs_wrappers_init.obj
 0002:000090ec       ??_C@_0M@A@?$CDvsprintf_s?$AA@ 00000001800c10ec     libirc:intel_lib_vs_wrappers_init.obj
 0002:000090f8       ??_C@_0M@A@?$CD_vsnprintf?$AA@ 00000001800c10f8     libirc:intel_lib_vs_wrappers_init.obj
 0002:00009104       ??_C@_0O@A@?$CD_vsnprintf_s?$AA@ 00000001800c1104     libirc:intel_lib_vs_wrappers_init.obj
 0002:00009114       ??_C@_0L@A@?$CDvswprintf?$AA@ 00000001800c1114     libirc:intel_lib_vs_wrappers_init.obj
 0002:00009120       ??_C@_08A@?$CDwprintf?$AA@ 00000001800c1120     libirc:intel_lib_vs_wrappers_init.obj
 0002:0000912c       ??_C@_0L@A@?$CDwprintf_s?$AA@ 00000001800c112c     libirc:intel_lib_vs_wrappers_init.obj
 0002:00009138       ??_C@_08A@?$CD_wfopen?$AA@ 00000001800c1138     libirc:intel_lib_vs_wrappers_init.obj
 0002:00009144       ??_C@_0L@A@?$CD_wfopen_s?$AA@ 00000001800c1144     libirc:intel_lib_vs_wrappers_init.obj
 0002:00009150       ??_C@_06A@?$CDfread?$AA@   00000001800c1150     libirc:intel_lib_vs_wrappers_init.obj
 0002:00009158       ??_C@_07A@?$CDfwrite?$AA@  00000001800c1158     libirc:intel_lib_vs_wrappers_init.obj
 0002:00009160       ??_C@_06A@?$CDfgets?$AA@   00000001800c1160     libirc:intel_lib_vs_wrappers_init.obj
 0002:00009168       ??_C@_07A@?$CDfgetws?$AA@  00000001800c1168     libirc:intel_lib_vs_wrappers_init.obj
 0002:00009170       ??_C@_06A@?$CDfgetc?$AA@   00000001800c1170     libirc:intel_lib_vs_wrappers_init.obj
 0002:00009178       ??_C@_07A@?$CDfgetwc?$AA@  00000001800c1178     libirc:intel_lib_vs_wrappers_init.obj
 0002:00009180       ??_C@_06A@?$CDfputs?$AA@   00000001800c1180     libirc:intel_lib_vs_wrappers_init.obj
 0002:00009188       ??_C@_07A@?$CDfputws?$AA@  00000001800c1188     libirc:intel_lib_vs_wrappers_init.obj
 0002:00009190       ??_C@_06A@?$CDfputc?$AA@   00000001800c1190     libirc:intel_lib_vs_wrappers_init.obj
 0002:00009198       ??_C@_07A@?$CDfputwc?$AA@  00000001800c1198     libirc:intel_lib_vs_wrappers_init.obj
 0002:000091a0       ??_C@_06A@?$CDftell?$AA@   00000001800c11a0     libirc:intel_lib_vs_wrappers_init.obj
 0002:000091a8       ??_C@_07A@?$CDferror?$AA@  00000001800c11a8     libirc:intel_lib_vs_wrappers_init.obj
 0002:000091b0       ??_C@_08A@?$CDfreopen?$AA@ 00000001800c11b0     libirc:intel_lib_vs_wrappers_init.obj
 0002:000091bc       ??_C@_0L@A@?$CDfreopen_s?$AA@ 00000001800c11bc     libirc:intel_lib_vs_wrappers_init.obj
 0002:000091c8       ??_C@_0L@A@?$CD_wfreopen?$AA@ 00000001800c11c8     libirc:intel_lib_vs_wrappers_init.obj
 0002:000091d4       ??_C@_07A@?$CDperror?$AA@  00000001800c11d4     libirc:intel_lib_vs_wrappers_init.obj
 0002:000091dc       ??_C@_07A@?$CD_errno?$AA@  00000001800c11dc     libirc:intel_lib_vs_wrappers_init.obj
 0002:000091e4       ??_C@_0BB@A@?$CD__acrt_iob_func?$AA@ 00000001800c11e4     libirc:intel_lib_vs_wrappers_init.obj
 0002:000091f8       ??_C@_0BJ@A@?$CD__stdio_common_vfprintf?$AA@ 00000001800c11f8     libirc:intel_lib_vs_wrappers_init.obj
 0002:00009214       ??_C@_0BK@A@?$CD__stdio_common_vfwprintf?$AA@ 00000001800c1214     libirc:intel_lib_vs_wrappers_init.obj
 0002:00009230       ??_C@_0BJ@A@?$CD__stdio_common_vsprintf?$AA@ 00000001800c1230     libirc:intel_lib_vs_wrappers_init.obj
 0002:0000924c       ??_C@_0BK@A@?$CD__stdio_common_vswprintf?$AA@ 00000001800c124c     libirc:intel_lib_vs_wrappers_init.obj
 0002:00009268       ??_C@_0BI@A@?$CD__stdio_common_vsscanf?$AA@ 00000001800c1268     libirc:intel_lib_vs_wrappers_init.obj
 0002:00009280       ??_C@_0N@A@ucrtbase?4dll?$AA@ 00000001800c1280     libirc:intel_lib_vs_wrappers_init.obj
 0002:00009290       ??_C@_0L@A@msvcrt?4dll?$AA@ 00000001800c1290     libirc:intel_lib_vs_wrappers_init.obj
 0002:0000929c       ??_C@_0L@A@SYSTEMROOT?$AA@ 00000001800c129c     libirc:intel_lib_vs_wrappers_init.obj
 0002:000092a8       ??_C@_0L@A@?2system32?2?$AA@ 00000001800c12a8     libirc:intel_lib_vs_wrappers_init.obj
 0002:000092f0       _load_config_used          00000001800c12f0     MSVCRT:loadcfg.obj
 0002:00009608       __rtc_iaa                  00000001800c1608     MSVCRT:_initsect_.obj
 0002:00009610       __rtc_izz                  00000001800c1610     MSVCRT:_initsect_.obj
 0002:00009618       __rtc_taa                  00000001800c1618     MSVCRT:_initsect_.obj
 0002:00009620       __rtc_tzz                  00000001800c1620     MSVCRT:_initsect_.obj
 0002:0000a7c8       __IMPORT_DESCRIPTOR_ANSYS  00000001800c27c8     ANSYS:ANSYS.exe
 0002:0000a7dc       __IMPORT_DESCRIPTOR_libifcoremd 00000001800c27dc     libifcoremd:libifcoremd.dll
 0002:0000a7f0       __IMPORT_DESCRIPTOR_libmmd 00000001800c27f0     libmmd:libmmd.dll
 0002:0000a804       __IMPORT_DESCRIPTOR_KERNEL32 00000001800c2804     kernel32:KERNEL32.dll
 0002:0000a818       __IMPORT_DESCRIPTOR_VCRUNTIME140 00000001800c2818     vcruntime:VCRUNTIME140.dll
 0002:0000a82c       __IMPORT_DESCRIPTOR_api-ms-win-crt-runtime-l1-1-0 00000001800c282c     ucrt:api-ms-win-crt-runtime-l1-1-0.dll
 0002:0000a840       __IMPORT_DESCRIPTOR_api-ms-win-crt-environment-l1-1-0 00000001800c2840     ucrt:api-ms-win-crt-environment-l1-1-0.dll
 0002:0000a854       __IMPORT_DESCRIPTOR_api-ms-win-crt-string-l1-1-0 00000001800c2854     ucrt:api-ms-win-crt-string-l1-1-0.dll
 0002:0000a868       __NULL_IMPORT_DESCRIPTOR   00000001800c2868     ANSYS:ANSYS.exe
 0003:000022e0       _fltused                   00000001800c62e0     MSVCRT:fltused.obj
 0003:000022e4       __scrt_native_dllmain_reason 00000001800c62e4     MSVCRT:utility.obj
 0003:000022e8       __security_cookie_complement 00000001800c62e8     MSVCRT:gs_cookie.obj
 0003:000022f0       __security_cookie          00000001800c62f0     MSVCRT:gs_cookie.obj
 0003:000022f8       __memcpy_nt_iters          00000001800c62f8     MSVCRT:_cpu_disp_.obj
 0003:00002300       __isa_available            00000001800c6300     MSVCRT:_cpu_disp_.obj
 0003:00002304       __isa_enabled              00000001800c6304     MSVCRT:_cpu_disp_.obj
 0003:00002b20       __libirc_largest_cache_size 00000001800c6b20     libirc:fast_mem_ops.obj
 0003:00002b24       __libirc_largest_cache_size_half 00000001800c6b24     libirc:fast_mem_ops.obj
 0003:00002b28       __libirc_data_cache_size   00000001800c6b28     libirc:fast_mem_ops.obj
 0003:00002b2c       __libirc_data_cache_size_half 00000001800c6b2c     libirc:fast_mem_ops.obj
 0003:00002b30       __libirc_largest_cache_size_quoter 00000001800c6b30     libirc:fast_mem_ops.obj
 0003:00002b34       __libirc_copy_loop_threshold 00000001800c6b34     libirc:fast_mem_ops.obj
 0003:00002b38       __libirc_rep_move_threshold 00000001800c6b38     libirc:fast_mem_ops.obj
 0003:00002b3c       __libirc_set_loop_threshold 00000001800c6b3c     libirc:fast_mem_ops.obj
 0003:00002b60       __intel_lib_lp_func        00000001800c6b60     libirc:intel_lib_vs_wrappers_init.obj
 0003:00002e80       __scrt_ucrt_dll_is_in_use  00000001800c6e80     MSVCRT:ucrt_stubs.obj
 0003:00009cb0       ?__type_info_root_node@@3U__type_info_node@@A 00000001800cdcb0     MSVCRT:tncleanup.obj
 0003:00009cc0       ?_OptionsStorage@?1??__local_stdio_printf_options@@9@4_KA 00000001800cdcc0     MSVCRT:default_local_stdio_options.obj
 0003:00009cc8       ?_OptionsStorage@?1??__local_stdio_scanf_options@@9@4_KA 00000001800cdcc8     MSVCRT:default_local_stdio_options.obj
 0003:00009cd0       __scrt_current_native_startup_state 00000001800cdcd0     MSVCRT:utility.obj
 0003:00009cd8       __scrt_native_startup_lock 00000001800cdcd8     MSVCRT:utility.obj
 0003:00009d14       __scrt_debugger_hook_flag  00000001800cdd14     MSVCRT:utility_desktop.obj
 0003:00009d18       __favor                    00000001800cdd18     MSVCRT:_cpu_disp_.obj
 0003:00009d20       __intel_cpu_feature_indicator 00000001800cdd20     libirc:cpu_feature_disp.obj
 0003:00009d28       __intel_cpu_feature_indicator_x 00000001800cdd28     libirc:cpu_feature_disp.obj
 0003:00009d84       __libirc_mem_ops_method    00000001800cdd84     libirc:fast_mem_ops.obj
 0003:00009d88       __libirc_largest_cachelinesize 00000001800cdd88     libirc:fast_mem_ops.obj
 0003:0000aa30       __dyn_tls_init_callback    00000001800cea30     <common>

 entry point at        0001:000b6220

 Static symbols

 0001:000afbe0       __intel_cpu_features_init_body 00000001800b0be0 f   libirc:cpu_feature_disp.obj
 0001:000b4600       __sti____libirc_tmp        00000001800b5600 f   libirc:fast_mem_ops.obj
 0001:000b50c0       wrapper_sprintf_s          00000001800b60c0 f   libirc:intel_lib_vs_wrappers_init.obj
 0001:000b5100       wrapper_snprintf_s         00000001800b6100 f   libirc:intel_lib_vs_wrappers_init.obj
 0001:000b5140       wrapper_swprintf_s         00000001800b6140 f   libirc:intel_lib_vs_wrappers_init.obj
 0001:000b5180       wrapper_vsprintf_s         00000001800b6180 f   libirc:intel_lib_vs_wrappers_init.obj
 0001:000b51a0       wrapper__vsnprintf_s       00000001800b61a0 f   libirc:intel_lib_vs_wrappers_init.obj
 0001:000b51d0       wrapper_fopen_s            00000001800b61d0 f   libirc:intel_lib_vs_wrappers_init.obj
 0001:000b5210       wrapper_freopen_s          00000001800b6210 f   libirc:intel_lib_vs_wrappers_init.obj
 0001:000b5250       wrapper__wfopen_s          00000001800b6250 f   libirc:intel_lib_vs_wrappers_init.obj
 0001:000b5290       wrapper_oc___iob_func      00000001800b6290 f   libirc:intel_lib_vs_wrappers_init.obj
 0001:000b52a0       wrapper_oc_printf          00000001800b62a0 f   libirc:intel_lib_vs_wrappers_init.obj
 0001:000b5340       wrapper_oc_fprintf         00000001800b6340 f   libirc:intel_lib_vs_wrappers_init.obj
 0001:000b53e0       wrapper_oc_vprintf         00000001800b63e0 f   libirc:intel_lib_vs_wrappers_init.obj
 0001:000b5460       wrapper_oc_vfprintf        00000001800b6460 f   libirc:intel_lib_vs_wrappers_init.obj
 0001:000b54e0       wrapper_oc_wprintf         00000001800b64e0 f   libirc:intel_lib_vs_wrappers_init.obj
 0001:000b5580       wrapper_oc_fwprintf        00000001800b6580 f   libirc:intel_lib_vs_wrappers_init.obj
 0001:000b5620       wrapper_oc_sprintf         00000001800b6620 f   libirc:intel_lib_vs_wrappers_init.obj
 0001:000b5680       wrapper_oc__snprintf       00000001800b6680 f   libirc:intel_lib_vs_wrappers_init.obj
 0001:000b56e0       wrapper_oc_vsprintf        00000001800b66e0 f   libirc:intel_lib_vs_wrappers_init.obj
 0001:000b5720       wrapper_oc__vsnprintf      00000001800b6720 f   libirc:intel_lib_vs_wrappers_init.obj
 0001:000b5760       wrapper_oc__vscprintf      00000001800b6760 f   libirc:intel_lib_vs_wrappers_init.obj
 0001:000b57a0       wrapper_oc_vswprintf       00000001800b67a0 f   libirc:intel_lib_vs_wrappers_init.obj
 0001:000b57e0       wrapper_oc_sscanf          00000001800b67e0 f   libirc:intel_lib_vs_wrappers_init.obj
 0001:000b5da0       error__errno               00000001800b6da0 f   libirc:intel_lib_vs_wrappers_init.obj
 0001:000b5db0       error_1                    00000001800b6db0 f   libirc:intel_lib_vs_wrappers_init.obj
 0001:000b5dc0       error_0                    00000001800b6dc0 f   libirc:intel_lib_vs_wrappers_init.obj
 0001:000b5e80       $$000000                   00000001800b6e80     MSVCRT:_chkstk_.obj
 0001:000b5ee4       ?dllmain_crt_dispatch@@YAHQEAUHINSTANCE__@@KQEAX@Z 00000001800b6ee4 f   MSVCRT:dll_dllmain.obj
 0001:000b5f34       ?dllmain_crt_process_attach@@YAHQEAUHINSTANCE__@@QEAX@Z 00000001800b6f34 f   MSVCRT:dll_dllmain.obj
 0001:000b6048       ?dllmain_crt_process_detach@@YAH_N@Z 00000001800b7048 f   MSVCRT:dll_dllmain.obj
 0001:000b60d4       ?dllmain_dispatch@@YAHQEAUHINSTANCE__@@KQEAX@Z 00000001800b70d4 f   MSVCRT:dll_dllmain.obj
 0001:000b61cc       ?dllmain_raw@@YAHQEAUHINSTANCE__@@KQEAX@Z 00000001800b71cc f   MSVCRT:dll_dllmain.obj
 0001:000b6b50       $$000000                   00000001800b7b50     MSVCRT:_amdsecgs_.obj
 0001:000b6d08       capture_previous_context   00000001800b7d08 f   MSVCRT:gs_report.obj
 0001:000b6d90       $$000000                   00000001800b7d90     MSVCRT:_guard_dispatch_.obj
 0001:000b6da2       ?fin$0@?0??dllmain_crt_process_attach@@YAHQEAUHINSTANCE__@@QEAX@Z@4HA 00000001800b7da2 f   MSVCRT:dll_dllmain.obj
 0001:000b6db9       ?fin$0@?0??dllmain_crt_process_detach@@YAH_N@Z@4HA 00000001800b7db9 f   MSVCRT:dll_dllmain.obj
 0001:000b6dd5       ?filt$0@?0??dllmain_dispatch@@YAHQEAUHINSTANCE__@@KQEAX@Z@4HA 00000001800b7dd5 f   MSVCRT:dll_dllmain.obj
 0001:000b6e0b       __scrt_is_nonwritable_in_current_image$filt$0 00000001800b7e0b f   MSVCRT:utility.obj
 0002:000002e0       KCOND8NOD$format_pack.0.3  00000001800b82e0     ESubroutines.obj
 0002:000002f4       __STRLITPACK_2.0.3         00000001800b82f4     ESubroutines.obj
 0002:000002fc       __NLITPACK_0.0.4           00000001800b82fc     ESubroutines.obj
 0002:00000300       __NLITPACK_1.0.4           00000001800b8300     ESubroutines.obj
 0002:00000304       __NLITPACK_2.0.4           00000001800b8304     ESubroutines.obj
 0002:00000308       __NLITPACK_3.0.4           00000001800b8308     ESubroutines.obj
 0002:0000030c       __NLITPACK_4.0.4           00000001800b830c     ESubroutines.obj
 0002:00000310       __NLITPACK_5.0.4           00000001800b8310     ESubroutines.obj
 0002:00000314       __STRLITPACK_21.0.4        00000001800b8314     ESubroutines.obj
 0002:0000031c       __NLITPACK_10.0.5          00000001800b831c     ESubroutines.obj
 0002:00000320       __NLITPACK_11.0.5          00000001800b8320     ESubroutines.obj
 0002:00000324       __NLITPACK_12.0.5          00000001800b8324     ESubroutines.obj
 0002:00000328       __NLITPACK_13.0.5          00000001800b8328     ESubroutines.obj
 0002:0000032c       __NLITPACK_14.0.5          00000001800b832c     ESubroutines.obj
 0002:00000330       __STRLITPACK_38.0.5        00000001800b8330     ESubroutines.obj
 0002:00000338       __NLITPACK_15.0.6          00000001800b8338     ESubroutines.obj
 0002:0000033c       __STRLITPACK_79.0.7        00000001800b833c     ESubroutines.obj
 0002:00000344       __STRLITPACK_80.0.7        00000001800b8344     ESubroutines.obj
 0002:0000034c       __STRLITPACK_81.0.7        00000001800b834c     ESubroutines.obj
 0002:00000354       __STRLITPACK_82.0.7        00000001800b8354     ESubroutines.obj
 0002:0000035c       __STRLITPACK_83.0.7        00000001800b835c     ESubroutines.obj
 0002:00000364       __STRLITPACK_84.0.7        00000001800b8364     ESubroutines.obj
 0002:0000036c       __STRLITPACK_85.0.7        00000001800b836c     ESubroutines.obj
 0002:00000374       __STRLITPACK_86.0.7        00000001800b8374     ESubroutines.obj
 0002:0000037c       __STRLITPACK_87.0.7        00000001800b837c     ESubroutines.obj
 0002:00000384       __STRLITPACK_88.0.7        00000001800b8384     ESubroutines.obj
 0002:0000038c       __STRLITPACK_89.0.7        00000001800b838c     ESubroutines.obj
 0002:00000394       __STRLITPACK_90.0.7        00000001800b8394     ESubroutines.obj
 0002:0000039c       __STRLITPACK_91.0.7        00000001800b839c     ESubroutines.obj
 0002:000003a4       __STRLITPACK_92.0.7        00000001800b83a4     ESubroutines.obj
 0002:000003ac       __STRLITPACK_93.0.7        00000001800b83ac     ESubroutines.obj
 0002:000003b4       __STRLITPACK_94.0.7        00000001800b83b4     ESubroutines.obj
 0002:000003bc       __STRLITPACK_95.0.7        00000001800b83bc     ESubroutines.obj
 0002:000003c4       __STRLITPACK_96.0.7        00000001800b83c4     ESubroutines.obj
 0002:000003cc       __STRLITPACK_97.0.7        00000001800b83cc     ESubroutines.obj
 0002:000003d4       __STRLITPACK_98.0.7        00000001800b83d4     ESubroutines.obj
 0002:000003dc       __STRLITPACK_99.0.7        00000001800b83dc     ESubroutines.obj
 0002:000003e4       __STRLITPACK_100.0.7       00000001800b83e4     ESubroutines.obj
 0002:000003ec       __STRLITPACK_101.0.7       00000001800b83ec     ESubroutines.obj
 0002:000003f4       __STRLITPACK_102.0.7       00000001800b83f4     ESubroutines.obj
 0002:000003fc       __STRLITPACK_103.0.7       00000001800b83fc     ESubroutines.obj
 0002:00000404       __STRLITPACK_104.0.7       00000001800b8404     ESubroutines.obj
 0002:00000420       VTK_CELLDATA$format_pack.0.8 00000001800b8420     ESubroutines.obj
 0002:0000047c       __STRLITPACK_121.0.8       00000001800b847c     ESubroutines.obj
 0002:00000484       __STRLITPACK_122.0.8       00000001800b8484     ESubroutines.obj
 0002:0000048c       __STRLITPACK_123.0.8       00000001800b848c     ESubroutines.obj
 0002:00000494       __STRLITPACK_124.0.8       00000001800b8494     ESubroutines.obj
 0002:0000049c       __STRLITPACK_125.0.8       00000001800b849c     ESubroutines.obj
 0002:000004a4       __STRLITPACK_126.0.8       00000001800b84a4     ESubroutines.obj
 0002:000004ac       __STRLITPACK_127.0.8       00000001800b84ac     ESubroutines.obj
 0002:000004b4       __STRLITPACK_128.0.8       00000001800b84b4     ESubroutines.obj
 0002:000004bc       __STRLITPACK_129.0.8       00000001800b84bc     ESubroutines.obj
 0002:000004d0       _2il0floatpacket.6         00000001800b84d0     ESubroutines.obj
 0002:000004e0       _2il0floatpacket.0         00000001800b84e0     ESubroutines.obj
 0002:000004e8       _2il0floatpacket.1         00000001800b84e8     ESubroutines.obj
 0002:000004f0       _2il0floatpacket.2         00000001800b84f0     ESubroutines.obj
 0002:000004f8       _2il0floatpacket.3         00000001800b84f8     ESubroutines.obj
 0002:00000500       _2il0floatpacket.4         00000001800b8500     ESubroutines.obj
 0002:00000508       _2il0floatpacket.5         00000001800b8508     ESubroutines.obj
 0002:00000510       _2il0floatpacket.7         00000001800b8510     ESubroutines.obj
 0002:00000518       _2il0floatpacket.8         00000001800b8518     ESubroutines.obj
 0002:00000520       __STRLITPACK_20            00000001800b8520     ESubroutines.obj
 0002:00000528       __STRLITPACK_19            00000001800b8528     ESubroutines.obj
 0002:00000534       __STRLITPACK_18            00000001800b8534     ESubroutines.obj
 0002:00000550       __STRLITPACK_17            00000001800b8550     ESubroutines.obj
 0002:0000056c       __STRLITPACK_16            00000001800b856c     ESubroutines.obj
 0002:00000588       __STRLITPACK_15            00000001800b8588     ESubroutines.obj
 0002:000005a4       __STRLITPACK_14            00000001800b85a4     ESubroutines.obj
 0002:000005b0       __STRLITPACK_13            00000001800b85b0     ESubroutines.obj
 0002:000005c0       __STRLITPACK_12            00000001800b85c0     ESubroutines.obj
 0002:000005d0       __STRLITPACK_11            00000001800b85d0     ESubroutines.obj
 0002:000005d8       __STRLITPACK_10            00000001800b85d8     ESubroutines.obj
 0002:000005e0       __STRLITPACK_9             00000001800b85e0     ESubroutines.obj
 0002:000005fc       __STRLITPACK_8             00000001800b85fc     ESubroutines.obj
 0002:00000610       __STRLITPACK_7             00000001800b8610     ESubroutines.obj
 0002:0000061c       __STRLITPACK_3             00000001800b861c     ESubroutines.obj
 0002:0000063c       __STRLITPACK_37            00000001800b863c     ESubroutines.obj
 0002:00000644       __STRLITPACK_36            00000001800b8644     ESubroutines.obj
 0002:00000650       __STRLITPACK_35            00000001800b8650     ESubroutines.obj
 0002:0000066c       __STRLITPACK_34            00000001800b866c     ESubroutines.obj
 0002:00000688       __STRLITPACK_33            00000001800b8688     ESubroutines.obj
 0002:000006a4       __STRLITPACK_32            00000001800b86a4     ESubroutines.obj
 0002:000006c0       __STRLITPACK_31            00000001800b86c0     ESubroutines.obj
 0002:000006cc       __STRLITPACK_30            00000001800b86cc     ESubroutines.obj
 0002:000006dc       __STRLITPACK_29            00000001800b86dc     ESubroutines.obj
 0002:000006f0       __STRLITPACK_28            00000001800b86f0     ESubroutines.obj
 0002:000006fc       __STRLITPACK_23            00000001800b86fc     ESubroutines.obj
 0002:00000704       __STRLITPACK_22            00000001800b8704     ESubroutines.obj
 0002:00000718       __STRLITPACK_40            00000001800b8718     ESubroutines.obj
 0002:00000734       __STRLITPACK_39            00000001800b8734     ESubroutines.obj
 0002:00000740       __STRLITPACK_75            00000001800b8740     ESubroutines.obj
 0002:0000075c       __STRLITPACK_71            00000001800b875c     ESubroutines.obj
 0002:00000774       __STRLITPACK_67            00000001800b8774     ESubroutines.obj
 0002:0000077c       __STRLITPACK_63            00000001800b877c     ESubroutines.obj
 0002:00000798       __STRLITPACK_58            00000001800b8798     ESubroutines.obj
 0002:000007a0       __STRLITPACK_57            00000001800b87a0     ESubroutines.obj
 0002:000007a8       __STRLITPACK_50            00000001800b87a8     ESubroutines.obj
 0002:000007b0       __STRLITPACK_49            00000001800b87b0     ESubroutines.obj
 0002:000007b4       __STRLITPACK_43            00000001800b87b4     ESubroutines.obj
 0002:000007c0       __STRLITPACK_117           00000001800b87c0     ESubroutines.obj
 0002:000007cc       __STRLITPACK_112           00000001800b87cc     ESubroutines.obj
 0002:000007d8       __STRLITPACK_111           00000001800b87d8     ESubroutines.obj
 0002:000007e0       __STRLITPACK_107           00000001800b87e0     ESubroutines.obj
 0002:00000800       _2il0floatpacket.5         00000001800b8800     ksasymp.obj
 0002:00000810       _2il0floatpacket.6         00000001800b8810     ksasymp.obj
 0002:00000820       _2il0floatpacket.7         00000001800b8820     ksasymp.obj
 0002:00000830       _2il0floatpacket.9         00000001800b8830     ksasymp.obj
 0002:00000840       _2il0floatpacket.12        00000001800b8840     ksasymp.obj
 0002:00000850       _2il0floatpacket.13        00000001800b8850     ksasymp.obj
 0002:00000860       _2il0floatpacket.0         00000001800b8860     ksasymp.obj
 0002:00000868       _2il0floatpacket.1         00000001800b8868     ksasymp.obj
 0002:00000870       _2il0floatpacket.2         00000001800b8870     ksasymp.obj
 0002:00000878       _2il0floatpacket.3         00000001800b8878     ksasymp.obj
 0002:00000880       _2il0floatpacket.4         00000001800b8880     ksasymp.obj
 0002:00000888       _2il0floatpacket.8         00000001800b8888     ksasymp.obj
 0002:00000890       _2il0floatpacket.10        00000001800b8890     ksasymp.obj
 0002:00000898       _2il0floatpacket.11        00000001800b8898     ksasymp.obj
 0002:000008a0       _2il0floatpacket.14        00000001800b88a0     ksasymp.obj
 0002:000008a8       _2il0floatpacket.15        00000001800b88a8     ksasymp.obj
 0002:000008b0       _2il0floatpacket.4         00000001800b88b0     ksmaxim.obj
 0002:000008c0       _2il0floatpacket.5         00000001800b88c0     ksmaxim.obj
 0002:000008d0       _2il0floatpacket.6         00000001800b88d0     ksmaxim.obj
 0002:000008e0       _2il0floatpacket.8         00000001800b88e0     ksmaxim.obj
 0002:000008f0       _2il0floatpacket.0         00000001800b88f0     ksmaxim.obj
 0002:000008f8       _2il0floatpacket.1         00000001800b88f8     ksmaxim.obj
 0002:00000900       _2il0floatpacket.2         00000001800b8900     ksmaxim.obj
 0002:00000908       _2il0floatpacket.3         00000001800b8908     ksmaxim.obj
 0002:00000910       _2il0floatpacket.7         00000001800b8910     ksmaxim.obj
 0002:00000918       __STRLITPACK_1.0.2         00000001800b8918     ksmaxim.obj
 0002:00000920       _2il0floatpacket.2         00000001800b8920     ksmaxsu.obj
 0002:00000930       _2il0floatpacket.3         00000001800b8930     ksmaxsu.obj
 0002:00000940       _2il0floatpacket.0         00000001800b8940     ksmaxsu.obj
 0002:00000948       _2il0floatpacket.1         00000001800b8948     ksmaxsu.obj
 0002:00000950       _2il0floatpacket.4         00000001800b8950     ksmaxsu.obj
 0002:00000958       _2il0floatpacket.5         00000001800b8958     ksmaxsu.obj
 0002:00000960       _2il0floatpacket.6         00000001800b8960     ksmaxsu.obj
 0002:00000968       _2il0floatpacket.7         00000001800b8968     ksmaxsu.obj
 0002:00000970       .T822_.0.1                 00000001800b8970     user01.obj
 0002:00000980       .T1088_.0.1                00000001800b8980     user01.obj
 0002:00000990       __NLITPACK_22.0.1          00000001800b8990     user01.obj
 0002:00000998       __NLITPACK_0.0.1           00000001800b8998     user01.obj
 0002:0000099c       __STRLITPACK_321.0.1       00000001800b899c     user01.obj
 0002:000009a4       __NLITPACK_1.0.1           00000001800b89a4     user01.obj
 0002:000009a8       __NLITPACK_2.0.1           00000001800b89a8     user01.obj
 0002:000009ac       __NLITPACK_3.0.1           00000001800b89ac     user01.obj
 0002:000009b0       __NLITPACK_4.0.1           00000001800b89b0     user01.obj
 0002:000009b4       __NLITPACK_5.0.1           00000001800b89b4     user01.obj
 0002:000009b8       __NLITPACK_6.0.1           00000001800b89b8     user01.obj
 0002:000009bc       __NLITPACK_7.0.1           00000001800b89bc     user01.obj
 0002:000009c0       __NLITPACK_8.0.1           00000001800b89c0     user01.obj
 0002:000009c4       __NLITPACK_9.0.1           00000001800b89c4     user01.obj
 0002:000009c8       __STRLITPACK_322.0.1       00000001800b89c8     user01.obj
 0002:000009d0       __STRLITPACK_323.0.1       00000001800b89d0     user01.obj
 0002:000009d8       __STRLITPACK_324.0.1       00000001800b89d8     user01.obj
 0002:000009e0       __STRLITPACK_325.0.1       00000001800b89e0     user01.obj
 0002:000009e8       __STRLITPACK_326.0.1       00000001800b89e8     user01.obj
 0002:000009f0       __STRLITPACK_327.0.1       00000001800b89f0     user01.obj
 0002:000009f8       __STRLITPACK_328.0.1       00000001800b89f8     user01.obj
 0002:00000a00       __STRLITPACK_329.0.1       00000001800b8a00     user01.obj
 0002:00000a08       __STRLITPACK_330.0.1       00000001800b8a08     user01.obj
 0002:00000a10       __STRLITPACK_331.0.1       00000001800b8a10     user01.obj
 0002:00000a18       __STRLITPACK_332.0.1       00000001800b8a18     user01.obj
 0002:00000a20       __NLITPACK_10.0.1          00000001800b8a20     user01.obj
 0002:00000a24       __STRLITPACK_333.0.1       00000001800b8a24     user01.obj
 0002:00000a2c       __STRLITPACK_334.0.1       00000001800b8a2c     user01.obj
 0002:00000a34       __STRLITPACK_335.0.1       00000001800b8a34     user01.obj
 0002:00000a3c       __STRLITPACK_336.0.1       00000001800b8a3c     user01.obj
 0002:00000a44       __STRLITPACK_337.0.1       00000001800b8a44     user01.obj
 0002:00000a4c       __STRLITPACK_338.0.1       00000001800b8a4c     user01.obj
 0002:00000a54       __STRLITPACK_339.0.1       00000001800b8a54     user01.obj
 0002:00000a5c       __STRLITPACK_340.0.1       00000001800b8a5c     user01.obj
 0002:00000a64       __STRLITPACK_341.0.1       00000001800b8a64     user01.obj
 0002:00000a6c       __NLITPACK_11.0.1          00000001800b8a6c     user01.obj
 0002:00000a70       __STRLITPACK_342.0.1       00000001800b8a70     user01.obj
 0002:00000a78       __STRLITPACK_343.0.1       00000001800b8a78     user01.obj
 0002:00000a80       __STRLITPACK_344.0.1       00000001800b8a80     user01.obj
 0002:00000a88       __STRLITPACK_345.0.1       00000001800b8a88     user01.obj
 0002:00000a90       __STRLITPACK_346.0.1       00000001800b8a90     user01.obj
 0002:00000a98       __STRLITPACK_347.0.1       00000001800b8a98     user01.obj
 0002:00000aa0       __STRLITPACK_348.0.1       00000001800b8aa0     user01.obj
 0002:00000aa8       __STRLITPACK_349.0.1       00000001800b8aa8     user01.obj
 0002:00000ab0       __STRLITPACK_350.0.1       00000001800b8ab0     user01.obj
 0002:00000ab8       __STRLITPACK_351.0.1       00000001800b8ab8     user01.obj
 0002:00000ac0       __STRLITPACK_352.0.1       00000001800b8ac0     user01.obj
 0002:00000ac8       __STRLITPACK_353.0.1       00000001800b8ac8     user01.obj
 0002:00000ad0       __STRLITPACK_354.0.1       00000001800b8ad0     user01.obj
 0002:00000ad8       __STRLITPACK_355.0.1       00000001800b8ad8     user01.obj
 0002:00000ae0       __NLITPACK_12.0.1          00000001800b8ae0     user01.obj
 0002:00000ae4       __NLITPACK_13.0.1          00000001800b8ae4     user01.obj
 0002:00000ae8       __STRLITPACK_356.0.1       00000001800b8ae8     user01.obj
 0002:00000af0       __STRLITPACK_357.0.1       00000001800b8af0     user01.obj
 0002:00000af8       __STRLITPACK_358.0.1       00000001800b8af8     user01.obj
 0002:00000b00       __STRLITPACK_359.0.1       00000001800b8b00     user01.obj
 0002:00000b08       __STRLITPACK_360.0.1       00000001800b8b08     user01.obj
 0002:00000b10       __STRLITPACK_361.0.1       00000001800b8b10     user01.obj
 0002:00000b18       __STRLITPACK_362.0.1       00000001800b8b18     user01.obj
 0002:00000b20       __STRLITPACK_363.0.1       00000001800b8b20     user01.obj
 0002:00000b28       __STRLITPACK_364.0.1       00000001800b8b28     user01.obj
 0002:00000b30       __STRLITPACK_365.0.1       00000001800b8b30     user01.obj
 0002:00000b38       __STRLITPACK_366.0.1       00000001800b8b38     user01.obj
 0002:00000b40       __STRLITPACK_367.0.1       00000001800b8b40     user01.obj
 0002:00000b48       __STRLITPACK_368.0.1       00000001800b8b48     user01.obj
 0002:00000b50       __STRLITPACK_369.0.1       00000001800b8b50     user01.obj
 0002:00000b58       __STRLITPACK_370.0.1       00000001800b8b58     user01.obj
 0002:00000b60       __STRLITPACK_371.0.1       00000001800b8b60     user01.obj
 0002:00000b68       __STRLITPACK_372.0.1       00000001800b8b68     user01.obj
 0002:00000b70       __STRLITPACK_373.0.1       00000001800b8b70     user01.obj
 0002:00000b78       __STRLITPACK_374.0.1       00000001800b8b78     user01.obj
 0002:00000b80       __STRLITPACK_375.0.1       00000001800b8b80     user01.obj
 0002:00000b88       __STRLITPACK_376.0.1       00000001800b8b88     user01.obj
 0002:00000b90       __STRLITPACK_377.0.1       00000001800b8b90     user01.obj
 0002:00000ba0       __STRLITPACK_378.0.1       00000001800b8ba0     user01.obj
 0002:00000ba8       __STRLITPACK_379.0.1       00000001800b8ba8     user01.obj
 0002:00000bb0       __STRLITPACK_380.0.1       00000001800b8bb0     user01.obj
 0002:00000bb4       __STRLITPACK_381.0.1       00000001800b8bb4     user01.obj
 0002:00000bbc       __STRLITPACK_382.0.1       00000001800b8bbc     user01.obj
 0002:00000bc4       __STRLITPACK_383.0.1       00000001800b8bc4     user01.obj
 0002:00000bc8       __STRLITPACK_384.0.1       00000001800b8bc8     user01.obj
 0002:00000bd0       __STRLITPACK_385.0.1       00000001800b8bd0     user01.obj
 0002:00000bd8       __STRLITPACK_386.0.1       00000001800b8bd8     user01.obj
 0002:00000be0       __STRLITPACK_387.0.1       00000001800b8be0     user01.obj
 0002:00000be8       __STRLITPACK_388.0.1       00000001800b8be8     user01.obj
 0002:00000bf0       __STRLITPACK_389.0.1       00000001800b8bf0     user01.obj
 0002:00000bf8       __STRLITPACK_390.0.1       00000001800b8bf8     user01.obj
 0002:00000c00       __NLITPACK_14.0.1          00000001800b8c00     user01.obj
 0002:00000c04       __STRLITPACK_391.0.1       00000001800b8c04     user01.obj
 0002:00000c0c       __STRLITPACK_392.0.1       00000001800b8c0c     user01.obj
 0002:00000c14       __STRLITPACK_393.0.1       00000001800b8c14     user01.obj
 0002:00000c1c       __STRLITPACK_394.0.1       00000001800b8c1c     user01.obj
 0002:00000c24       __STRLITPACK_395.0.1       00000001800b8c24     user01.obj
 0002:00000c2c       __STRLITPACK_396.0.1       00000001800b8c2c     user01.obj
 0002:00000c34       __STRLITPACK_397.0.1       00000001800b8c34     user01.obj
 0002:00000c3c       __STRLITPACK_398.0.1       00000001800b8c3c     user01.obj
 0002:00000c44       __STRLITPACK_399.0.1       00000001800b8c44     user01.obj
 0002:00000c4c       __STRLITPACK_400.0.1       00000001800b8c4c     user01.obj
 0002:00000c54       __STRLITPACK_401.0.1       00000001800b8c54     user01.obj
 0002:00000c5c       __STRLITPACK_402.0.1       00000001800b8c5c     user01.obj
 0002:00000c64       __STRLITPACK_403.0.1       00000001800b8c64     user01.obj
 0002:00000c6c       __STRLITPACK_404.0.1       00000001800b8c6c     user01.obj
 0002:00000c74       __STRLITPACK_405.0.1       00000001800b8c74     user01.obj
 0002:00000c7c       __STRLITPACK_406.0.1       00000001800b8c7c     user01.obj
 0002:00000c84       __NLITPACK_15.0.1          00000001800b8c84     user01.obj
 0002:00000c88       __STRLITPACK_407.0.1       00000001800b8c88     user01.obj
 0002:00000c90       __STRLITPACK_408.0.1       00000001800b8c90     user01.obj
 0002:00000c98       __NLITPACK_16.0.1          00000001800b8c98     user01.obj
 0002:00000c9c       __NLITPACK_17.0.1          00000001800b8c9c     user01.obj
 0002:00000ca0       __NLITPACK_18.0.1          00000001800b8ca0     user01.obj
 0002:00000ca4       __STRLITPACK_409.0.1       00000001800b8ca4     user01.obj
 0002:00000cac       __STRLITPACK_410.0.1       00000001800b8cac     user01.obj
 0002:00000cbc       __NLITPACK_19.0.1          00000001800b8cbc     user01.obj
 0002:00000cc0       __STRLITPACK_411.0.1       00000001800b8cc0     user01.obj
 0002:00000cc8       __STRLITPACK_412.0.1       00000001800b8cc8     user01.obj
 0002:00000cd0       __STRLITPACK_413.0.1       00000001800b8cd0     user01.obj
 0002:00000cd8       __STRLITPACK_414.0.1       00000001800b8cd8     user01.obj
 0002:00000ce0       __STRLITPACK_415.0.1       00000001800b8ce0     user01.obj
 0002:00000ce8       __STRLITPACK_416.0.1       00000001800b8ce8     user01.obj
 0002:00000cf0       __STRLITPACK_417.0.1       00000001800b8cf0     user01.obj
 0002:00000cf8       __STRLITPACK_418.0.1       00000001800b8cf8     user01.obj
 0002:00000d08       __NLITPACK_20.0.1          00000001800b8d08     user01.obj
 0002:00000d0c       __STRLITPACK_419.0.1       00000001800b8d0c     user01.obj
 0002:00000d14       __STRLITPACK_420.0.1       00000001800b8d14     user01.obj
 0002:00000d24       __STRLITPACK_421.0.1       00000001800b8d24     user01.obj
 0002:00000d2c       __STRLITPACK_422.0.1       00000001800b8d2c     user01.obj
 0002:00000d34       __STRLITPACK_423.0.1       00000001800b8d34     user01.obj
 0002:00000d3c       __STRLITPACK_424.0.1       00000001800b8d3c     user01.obj
 0002:00000d44       __STRLITPACK_425.0.1       00000001800b8d44     user01.obj
 0002:00000d4c       __STRLITPACK_426.0.1       00000001800b8d4c     user01.obj
 0002:00000d54       __NLITPACK_21.0.1          00000001800b8d54     user01.obj
 0002:00000d60       _2il0floatpacket.0         00000001800b8d60     user01.obj
 0002:00000d70       _2il0floatpacket.7         00000001800b8d70     user01.obj
 0002:00000d80       _2il0floatpacket.11        00000001800b8d80     user01.obj
 0002:00000d90       _2il0floatpacket.13        00000001800b8d90     user01.obj
 0002:00000da0       _2il0floatpacket.20        00000001800b8da0     user01.obj
 0002:00000db0       _2il0floatpacket.21        00000001800b8db0     user01.obj
 0002:00000dc0       _2il0floatpacket.1         00000001800b8dc0     user01.obj
 0002:00000dc8       _2il0floatpacket.2         00000001800b8dc8     user01.obj
 0002:00000dd0       _2il0floatpacket.3         00000001800b8dd0     user01.obj
 0002:00000dd8       _2il0floatpacket.4         00000001800b8dd8     user01.obj
 0002:00000de0       _2il0floatpacket.5         00000001800b8de0     user01.obj
 0002:00000de8       _2il0floatpacket.6         00000001800b8de8     user01.obj
 0002:00000df0       _2il0floatpacket.8         00000001800b8df0     user01.obj
 0002:00000df8       _2il0floatpacket.9         00000001800b8df8     user01.obj
 0002:00000e00       _2il0floatpacket.10        00000001800b8e00     user01.obj
 0002:00000e08       _2il0floatpacket.12        00000001800b8e08     user01.obj
 0002:00000e10       _2il0floatpacket.14        00000001800b8e10     user01.obj
 0002:00000e18       _2il0floatpacket.15        00000001800b8e18     user01.obj
 0002:00000e20       _2il0floatpacket.16        00000001800b8e20     user01.obj
 0002:00000e28       _2il0floatpacket.17        00000001800b8e28     user01.obj
 0002:00000e30       _2il0floatpacket.18        00000001800b8e30     user01.obj
 0002:00000e38       _2il0floatpacket.19        00000001800b8e38     user01.obj
 0002:00000e40       _2il0floatpacket.22        00000001800b8e40     user01.obj
 0002:00000e48       __STRLITPACK_313           00000001800b8e48     user01.obj
 0002:00000e5c       __STRLITPACK_309           00000001800b8e5c     user01.obj
 0002:00000e7c       __STRLITPACK_303           00000001800b8e7c     user01.obj
 0002:00000e84       __STRLITPACK_299           00000001800b8e84     user01.obj
 0002:00000e8c       __STRLITPACK_298           00000001800b8e8c     user01.obj
 0002:00000ea8       __STRLITPACK_297           00000001800b8ea8     user01.obj
 0002:00000ec8       __STRLITPACK_296           00000001800b8ec8     user01.obj
 0002:00000ee8       __STRLITPACK_292           00000001800b8ee8     user01.obj
 0002:00000efc       __STRLITPACK_287           00000001800b8efc     user01.obj
 0002:00000f08       __STRLITPACK_286           00000001800b8f08     user01.obj
 0002:00000f10       __STRLITPACK_285           00000001800b8f10     user01.obj
 0002:00000f1c       __STRLITPACK_284           00000001800b8f1c     user01.obj
 0002:00000f34       __STRLITPACK_283           00000001800b8f34     user01.obj
 0002:00000f54       __STRLITPACK_282           00000001800b8f54     user01.obj
 0002:00000f74       __STRLITPACK_278           00000001800b8f74     user01.obj
 0002:00000f90       __STRLITPACK_273           00000001800b8f90     user01.obj
 0002:00000f9c       __STRLITPACK_272           00000001800b8f9c     user01.obj
 0002:00000fa4       __STRLITPACK_271           00000001800b8fa4     user01.obj
 0002:00000fb0       __STRLITPACK_270           00000001800b8fb0     user01.obj
 0002:00000fc8       __STRLITPACK_269           00000001800b8fc8     user01.obj
 0002:00000fe8       __STRLITPACK_268           00000001800b8fe8     user01.obj
 0002:00001008       __STRLITPACK_264           00000001800b9008     user01.obj
 0002:00001020       __STRLITPACK_259           00000001800b9020     user01.obj
 0002:0000102c       __STRLITPACK_258           00000001800b902c     user01.obj
 0002:00001034       __STRLITPACK_257           00000001800b9034     user01.obj
 0002:00001040       __STRLITPACK_256           00000001800b9040     user01.obj
 0002:00001058       __STRLITPACK_255           00000001800b9058     user01.obj
 0002:00001078       __STRLITPACK_254           00000001800b9078     user01.obj
 0002:00001098       __STRLITPACK_253           00000001800b9098     user01.obj
 0002:000010b8       __STRLITPACK_252           00000001800b90b8     user01.obj
 0002:000010d8       __STRLITPACK_248           00000001800b90d8     user01.obj
 0002:000010f4       __STRLITPACK_243           00000001800b90f4     user01.obj
 0002:00001100       __STRLITPACK_242           00000001800b9100     user01.obj
 0002:00001108       __STRLITPACK_241           00000001800b9108     user01.obj
 0002:00001114       __STRLITPACK_240           00000001800b9114     user01.obj
 0002:00001128       __STRLITPACK_239           00000001800b9128     user01.obj
 0002:00001148       __STRLITPACK_238           00000001800b9148     user01.obj
 0002:00001168       __STRLITPACK_237           00000001800b9168     user01.obj
 0002:00001188       __STRLITPACK_236           00000001800b9188     user01.obj
 0002:000011a8       __STRLITPACK_232           00000001800b91a8     user01.obj
 0002:000011c8       __STRLITPACK_227           00000001800b91c8     user01.obj
 0002:000011d8       __STRLITPACK_222           00000001800b91d8     user01.obj
 0002:000011e8       __STRLITPACK_217           00000001800b91e8     user01.obj
 0002:000011f8       __STRLITPACK_212           00000001800b91f8     user01.obj
 0002:00001208       __STRLITPACK_207           00000001800b9208     user01.obj
 0002:00001228       __STRLITPACK_201           00000001800b9228     user01.obj
 0002:0000123c       __STRLITPACK_196           00000001800b923c     user01.obj
 0002:0000124c       __STRLITPACK_192           00000001800b924c     user01.obj
 0002:00001254       __STRLITPACK_188           00000001800b9254     user01.obj
 0002:00001270       __STRLITPACK_182           00000001800b9270     user01.obj
 0002:00001278       __STRLITPACK_178           00000001800b9278     user01.obj
 0002:00001280       __STRLITPACK_174           00000001800b9280     user01.obj
 0002:00001288       __STRLITPACK_170           00000001800b9288     user01.obj
 0002:00001290       __STRLITPACK_166           00000001800b9290     user01.obj
 0002:00001298       __STRLITPACK_162           00000001800b9298     user01.obj
 0002:000012a0       __STRLITPACK_156           00000001800b92a0     user01.obj
 0002:000012b4       __STRLITPACK_155           00000001800b92b4     user01.obj
 0002:000012c0       __STRLITPACK_154           00000001800b92c0     user01.obj
 0002:000012c8       __STRLITPACK_150           00000001800b92c8     user01.obj
 0002:000012d0       __STRLITPACK_144           00000001800b92d0     user01.obj
[...]
 0002:00007c2c       __STRLITPACK_88            00000001800bfc2c     user10.obj
 0002:00007c40       __STRLITPACK_87            00000001800bfc40     user10.obj
 0002:00007c4c       __STRLITPACK_83            00000001800bfc4c     user10.obj
 0002:00007c7c       __STRLITPACK_79            00000001800bfc7c     user10.obj
 0002:00007c94       __STRLITPACK_66            00000001800bfc94     user10.obj
 0002:00007ca0       __STRLITPACK_65            00000001800bfca0     user10.obj
 0002:00007ca4       __STRLITPACK_64            00000001800bfca4     user10.obj
 0002:00007cac       __STRLITPACK_60            00000001800bfcac     user10.obj
 0002:00007cb4       __STRLITPACK_56            00000001800bfcb4     user10.obj
 0002:00007cbc       __STRLITPACK_53            00000001800bfcbc     user10.obj
 0002:00007cc8       __STRLITPACK_52            00000001800bfcc8     user10.obj
 0002:00007cd0       __STRLITPACK_51            00000001800bfcd0     user10.obj
 0002:00007cd8       __STRLITPACK_50            00000001800bfcd8     user10.obj
 0002:00007ce0       __STRLITPACK_49            00000001800bfce0     user10.obj
 0002:00007ce8       __STRLITPACK_48            00000001800bfce8     user10.obj
 0002:00007cf0       __STRLITPACK_47            00000001800bfcf0     user10.obj
 0002:00007cf8       __STRLITPACK_46            00000001800bfcf8     user10.obj
 0002:00007d00       __STRLITPACK_45            00000001800bfd00     user10.obj
 0002:00007d08       __STRLITPACK_44            00000001800bfd08     user10.obj
 0002:00007d10       __STRLITPACK_43            00000001800bfd10     user10.obj
 0002:00007d18       __STRLITPACK_42            00000001800bfd18     user10.obj
 0002:00007d20       __STRLITPACK_41            00000001800bfd20     user10.obj
 0002:00007d28       __STRLITPACK_40            00000001800bfd28     user10.obj
 0002:00007d30       __STRLITPACK_39            00000001800bfd30     user10.obj
 0002:00007d38       __STRLITPACK_38            00000001800bfd38     user10.obj
 0002:00007d40       __STRLITPACK_37            00000001800bfd40     user10.obj
 0002:00007d48       __STRLITPACK_36            00000001800bfd48     user10.obj
 0002:00007d50       __STRLITPACK_35            00000001800bfd50     user10.obj
 0002:00007d58       __STRLITPACK_34            00000001800bfd58     user10.obj
 0002:00007d60       __STRLITPACK_33            00000001800bfd60     user10.obj
 0002:00007d68       __STRLITPACK_32            00000001800bfd68     user10.obj
 0002:00007d70       __STRLITPACK_31            00000001800bfd70     user10.obj
 0002:00007d78       __STRLITPACK_30            00000001800bfd78     user10.obj
 0002:00007d80       __STRLITPACK_29            00000001800bfd80     user10.obj
 0002:00007d88       __STRLITPACK_28            00000001800bfd88     user10.obj
 0002:00007d94       __STRLITPACK_27            00000001800bfd94     user10.obj
 0002:00007d9c       __STRLITPACK_26            00000001800bfd9c     user10.obj
 0002:00007da4       __STRLITPACK_25            00000001800bfda4     user10.obj
 0002:00007dac       __STRLITPACK_24            00000001800bfdac     user10.obj
 0002:00007db4       __STRLITPACK_23            00000001800bfdb4     user10.obj
 0002:00007dc0       __STRLITPACK_22            00000001800bfdc0     user10.obj
 0002:00007dc8       __STRLITPACK_21            00000001800bfdc8     user10.obj
 0002:00007dd0       __STRLITPACK_20            00000001800bfdd0     user10.obj
 0002:00007dd8       __STRLITPACK_19            00000001800bfdd8     user10.obj
 0002:00007de0       __STRLITPACK_18            00000001800bfde0     user10.obj
 0002:00007de8       __STRLITPACK_17            00000001800bfde8     user10.obj
 0002:00007df0       __STRLITPACK_16            00000001800bfdf0     user10.obj
 0002:00007df8       __STRLITPACK_15            00000001800bfdf8     user10.obj
 0002:00007e00       __STRLITPACK_14            00000001800bfe00     user10.obj
 0002:00007e08       __STRLITPACK_10            00000001800bfe08     user10.obj
 0002:00007e20       __STRLITPACK_4             00000001800bfe20     user10.obj
 0002:00007e28       __STRLITPACK_1             00000001800bfe28     user10.obj
 0002:00007e2c       __STRLITPACK_2             00000001800bfe2c     user10.obj
 0002:00007e44       __STRLITPACK_3             00000001800bfe44     user10.obj
 0002:00007e4c       __STRLITPACK_0             00000001800bfe4c     user10.obj
 0002:00007e54       __STRLITPACK_78            00000001800bfe54     user10.obj
 0002:00007e60       __STRLITPACK_77            00000001800bfe60     user10.obj
 0002:00007e68       __STRLITPACK_73            00000001800bfe68     user10.obj
 0002:00007e70       __STRLITPACK_69            00000001800bfe70     user10.obj
 0002:00007e78       __STRLITPACK_169           00000001800bfe78     user10.obj
 0002:00007e94       __STRLITPACK_168           00000001800bfe94     user10.obj
 0002:00007ea0       __STRLITPACK_167           00000001800bfea0     user10.obj
 0002:00007eb4       __STRLITPACK_166           00000001800bfeb4     user10.obj
 0002:00007ecc       __STRLITPACK_165           00000001800bfecc     user10.obj
 0002:00007ee4       __STRLITPACK_164           00000001800bfee4     user10.obj
 0002:00007f20       irc_msgtab                 00000001800bff20     libirc:irc_msg_support.obj
 0002:000092b8       GS_ExceptionPointers       00000001800c12b8     MSVCRT:gs_report.obj
 0002:0000a308       $xdatasym                  00000001800c2308     MSVCRT:_chkstk_.obj
 0002:0000a310       $unwind$?dllmain_crt_process_attach@@YAHQEAUHINSTANCE__@@QEAX@Z 00000001800c2310     MSVCRT:dll_dllmain.obj
 0002:0000a33c       $unwind$?dllmain_crt_process_detach@@YAH_N@Z 00000001800c233c     MSVCRT:dll_dllmain.obj
 0002:0000a364       $unwind$?fin$0@?0??dllmain_crt_process_attach@@YAHQEAUHINSTANCE__@@QEAX@Z@4HA 00000001800c2364     MSVCRT:dll_dllmain.obj
 0002:0000a364       $unwind$?fin$0@?0??dllmain_crt_process_detach@@YAH_N@Z@4HA 00000001800c2364     MSVCRT:dll_dllmain.obj
 0002:0000a36c       $unwind$?dllmain_dispatch@@YAHQEAUHINSTANCE__@@KQEAX@Z 00000001800c236c     MSVCRT:dll_dllmain.obj
 0002:0000a394       $unwind$?filt$0@?0??dllmain_dispatch@@YAHQEAUHINSTANCE__@@KQEAX@Z@4HA 00000001800c2394     MSVCRT:dll_dllmain.obj
 0002:0000a39c       $unwind$_RTC_Terminate     00000001800c239c     MSVCRT:_initsect_.obj
 0002:0000a39c       $unwind$_RTC_Initialize    00000001800c239c     MSVCRT:_initsect_.obj
 0002:0000a39c       $unwind$_DllMainCRTStartup 00000001800c239c     MSVCRT:dll_dllmain.obj
 0002:0000a3ac       $unwind$__security_init_cookie 00000001800c23ac     MSVCRT:gs_support.obj
 0002:0000a3b8       $unwind$__scrt_is_nonwritable_in_current_image 00000001800c23b8     MSVCRT:utility.obj
 0002:0000a3d8       $unwind$__scrt_is_nonwritable_in_current_image$filt$0 00000001800c23d8     MSVCRT:utility.obj
 0002:0000a3e0       $unwind$__scrt_initialize_onexit_tables 00000001800c23e0     MSVCRT:utility.obj
 0002:0000a3ec       $unwind$__scrt_dllmain_exception_filter 00000001800c23ec     MSVCRT:utility.obj
 0002:0000a3ec       $unwind$?dllmain_raw@@YAHQEAUHINSTANCE__@@KQEAX@Z 00000001800c23ec     MSVCRT:dll_dllmain.obj
 0002:0000a400       $unwind$__GSHandlerCheck   00000001800c2400     MSVCRT:_gshandler_.obj
 0002:0000a400       $unwind$__scrt_dllmain_after_initialize_c 00000001800c2400     MSVCRT:utility.obj
 0002:0000a400       $unwind$__scrt_initialize_default_local_stdio_options 00000001800c2400     MSVCRT:default_local_stdio_options.obj
 0002:0000a400       $unwind$?dllmain_crt_dispatch@@YAHQEAUHINSTANCE__@@KQEAX@Z 00000001800c2400     MSVCRT:dll_dllmain.obj
 0002:0000a400       $unwind$__scrt_dllmain_uninitialize_c 00000001800c2400     MSVCRT:utility.obj
 0002:0000a400       $unwind$__scrt_dllmain_crt_thread_attach 00000001800c2400     MSVCRT:utility.obj
 0002:0000a400       $unwind$DllMain            00000001800c2400     MSVCRT:dll_dllmain_stub.obj
 0002:0000a400       $unwind$__scrt_acquire_startup_lock 00000001800c2400     MSVCRT:utility.obj
 0002:0000a400       $unwind$__scrt_dllmain_uninitialize_critical 00000001800c2400     MSVCRT:utility.obj
 0002:0000a400       $unwind$__scrt_dllmain_crt_thread_detach 00000001800c2400     MSVCRT:utility.obj
 0002:0000a400       $unwind$__scrt_dllmain_before_initialize_c 00000001800c2400     MSVCRT:utility.obj
 0002:0000a408       $unwind$__scrt_fastfail    00000001800c2408     MSVCRT:utility_desktop.obj
 0002:0000a418       $unwind$__isa_available_init 00000001800c2418     MSVCRT:_cpu_disp_.obj
 0002:0000a430       $xdatasym                  00000001800c2430     MSVCRT:_guard_dispatch_.obj
 0002:0000a758       $xdatasym                  00000001800c2758     MSVCRT:_amdsecgs_.obj
 0002:0000a75c       $unwind$__GSHandlerCheckCommon 00000001800c275c     MSVCRT:_gshandler_.obj
 0002:0000a764       $unwind$__report_gsfailure 00000001800c2764     MSVCRT:gs_report.obj
 0002:0000a76c       $unwind$capture_previous_context 00000001800c276c     MSVCRT:gs_report.obj
 0002:0000a778       $unwind$__raise_securityfailure 00000001800c2778     MSVCRT:gs_report.obj
 0002:0000a778       $unwind$__scrt_uninitialize_crt 00000001800c2778     MSVCRT:utility.obj
 0002:0000a778       $unwind$__scrt_initialize_crt 00000001800c2778     MSVCRT:utility.obj
 0002:0000a778       $unwind$__scrt_release_startup_lock 00000001800c2778     MSVCRT:utility.obj
 0002:0000a780       .edata                     00000001800c2780     user09Lib.exp
 0002:0000a7a8       rgpv                       00000001800c27a8     user09Lib.exp
 0002:0000a7ac       rgszName                   00000001800c27ac     user09Lib.exp
 0002:0000a7b0       rgwOrd                     00000001800c27b0     user09Lib.exp
 0002:0000a7b2       szName                     00000001800c27b2     user09Lib.exp
 0002:0000a7c0       $N00001                    00000001800c27c0     user09Lib.exp
 0002:0000aba0       .idata$6                   00000001800c2ba0     ANSYS:ANSYS.exe
 0002:0000ac80       .idata$6                   00000001800c2c80     libifcoremd:libifcoremd.dll
 0002:0000ac96       .idata$6                   00000001800c2c96     libmmd:libmmd.dll
 0002:0000aeb4       .idata$6                   00000001800c2eb4     kernel32:KERNEL32.dll
 0002:0000af0e       .idata$6                   00000001800c2f0e     vcruntime:VCRUNTIME140.dll
 0002:0000b002       .idata$6                   00000001800c3002     ucrt:api-ms-win-crt-runtime-l1-1-0.dll
 0002:0000b024       .idata$6                   00000001800c3024     ucrt:api-ms-win-crt-environment-l1-1-0.dll
 0002:0000b04a       .idata$6                   00000001800c304a     ucrt:api-ms-win-crt-string-l1-1-0.dll
 0003:00000000       PLTEL$format_pack.0.4      00000001800c4000     ESubroutines.obj
 0003:0000000c       PLTDOF$format_pack.0.5     00000001800c400c     ESubroutines.obj
 0003:00000020       VTKMESH_HEXA$format_pack.0.7 00000001800c4020     ESubroutines.obj
 0003:00000160       SUBSPA$format_pack.0.2     00000001800c4160     ksmaxim.obj
 0003:000001a0       USER01$format_pack.0.1     00000001800c41a0     user01.obj
 0003:000005c0       USER02$format_pack.0.1     00000001800c45c0     user02.obj
 0003:000009a0       USER03$format_pack.0.1     00000001800c49a0     user03.obj
 0003:00000b20       USER04$format_pack.0.1     00000001800c4b20     user04.obj
 0003:00000ca0       USER05$format_pack.0.1     00000001800c4ca0     user05.obj
 0003:00000ec0       USER06$format_pack.0.1     00000001800c4ec0     user06.obj
 0003:000010e0       VTK_CELLDATA2$format_pack.0.4 00000001800c50e0     user06.obj
 0003:00001140       VTKMESH_HEXA2$format_pack.0.3 00000001800c5140     user06.obj
 0003:00001220       USER07$format_pack.0.1     00000001800c5220     user07.obj
 0003:00001400       USER08$format_pack.0.1     00000001800c5400     user08.obj
 0003:00001700       VTKMESH_HEXA1$format_pack.0.3 00000001800c5700     user08.obj
 0003:000017e0       VTK_CELLDATA1$format_pack.0.4 00000001800c57e0     user08.obj
 0003:00001840       USER09$format_pack.0.1     00000001800c5840     user09.obj
 0003:000019c0       VTK_CELLDATA9$format_pack.0.4 00000001800c59c0     user09.obj
 0003:00001a20       VTKMESH_HEXA9$format_pack.0.3 00000001800c5a20     user09.obj
 0003:00001b00       USER10$format_pack.0.1     00000001800c5b00     user10.obj
 0003:00002320       cpuid2_cache_tbl           00000001800c6320     libirc:fast_mem_ops.obj
 0003:00002b40       first_msg                  00000001800c6b40     libirc:irc_msg_support.obj
 0003:00002b44       use_internal_msg           00000001800c6b44     libirc:irc_msg_support.obj
 0003:00002ea0       .T251_.0.1                 00000001800c6ea0     ESubroutines.obj
 0003:000040a0       .T603_.0.3                 00000001800c80a0     ESubroutines.obj
 0003:000042a0       .T1496_.0.2                00000001800c82a0     user06.obj
 0003:00004720       .T1498_.0.2                00000001800c8720     user06.obj
 0003:00005920       .T1439_.0.2                00000001800c9920     user07.obj
 0003:00005da0       .T1441_.0.2                00000001800c9da0     user07.obj
 0003:00006fa0       .T1726_.0.2                00000001800cafa0     user08.obj
 0003:00007420       .T1728_.0.2                00000001800cb420     user08.obj
 0003:00008620       .T1413_.0.2                00000001800cc620     user09.obj
 0003:00008aa0       .T1415_.0.2                00000001800ccaa0     user09.obj
 0003:00009ca0       ?__proc_attached@@3HA      00000001800cdca0     MSVCRT:dll_dllmain.obj
 0003:00009cd4       ?module_local_atexit_table_initialized@@3_NA 00000001800cdcd4     MSVCRT:utility.obj
 0003:00009ce0       ?module_local_atexit_table@@3U_onexit_table_t@@A 00000001800cdce0     MSVCRT:utility.obj
 0003:00009cf8       ?module_local_at_quick_exit_table@@3U_onexit_table_t@@A 00000001800cdcf8     MSVCRT:utility.obj
 0003:00009d10       ?is_initialized_as_dll@@3_NA 00000001800cdd10     MSVCRT:utility.obj
 0003:00009d40       __libirc_cache_tbl         00000001800cdd40     libirc:fast_mem_ops.obj
 0003:00009d80       __libirc_tmp               00000001800cdd80     libirc:fast_mem_ops.obj
 0003:00009da0       get_msg_buf                00000001800cdda0     libirc:irc_msg_support.obj
 0003:00009fa0       get_text_buf               00000001800cdfa0     libirc:irc_msg_support.obj
 0003:0000a1a0       print_buf                  00000001800ce1a0     libirc:irc_msg_support.obj
 0003:0000a3a0       message_catalog            00000001800ce3a0     libirc:irc_msg_support.obj
 0003:0000a3c0       __intel_wrapper_init_mutex.11813.0.31 00000001800ce3c0     libirc:intel_lib_vs_wrappers_init.obj
 0003:0000a400       icrt___iob                 00000001800ce400     libirc:intel_lib_vs_wrappers_init.obj
 0003:0000a490       icrt___stdio_common_vfprintf 00000001800ce490     libirc:intel_lib_vs_wrappers_init.obj
 0003:0000a498       icrt___stdio_common_vfwprintf 00000001800ce498     libirc:intel_lib_vs_wrappers_init.obj
 0003:0000a4a0       icrt___stdio_common_vsprintf 00000001800ce4a0     libirc:intel_lib_vs_wrappers_init.obj
 0003:0000a4a8       icrt___stdio_common_vswprintf 00000001800ce4a8     libirc:intel_lib_vs_wrappers_init.obj
 0003:0000a4b0       icrt___stdio_common_vsscanf 00000001800ce4b0     libirc:intel_lib_vs_wrappers_init.obj
 0003:0000a4b8       icrt___acrt_iob_func       00000001800ce4b8     libirc:intel_lib_vs_wrappers_init.obj
 0003:0000a4c0       GS_ExceptionRecord         00000001800ce4c0     MSVCRT:gs_report.obj
 0003:0000a560       GS_ContextRecord           00000001800ce560     MSVCRT:gs_report.obj
 0004:00000900       $pdata$?dllmain_crt_dispatch@@YAHQEAUHINSTANCE__@@KQEAX@Z 00000001800cf900     MSVCRT:dll_dllmain.obj
 0004:0000090c       $pdata$?dllmain_crt_process_attach@@YAHQEAUHINSTANCE__@@QEAX@Z 00000001800cf90c     MSVCRT:dll_dllmain.obj
 0004:00000918       $pdata$?dllmain_crt_process_detach@@YAH_N@Z 00000001800cf918     MSVCRT:dll_dllmain.obj
 0004:00000924       $pdata$?dllmain_dispatch@@YAHQEAUHINSTANCE__@@KQEAX@Z 00000001800cf924     MSVCRT:dll_dllmain.obj
 0004:00000930       $pdata$?dllmain_raw@@YAHQEAUHINSTANCE__@@KQEAX@Z 00000001800cf930     MSVCRT:dll_dllmain.obj
 0004:0000093c       $pdata$_DllMainCRTStartup  00000001800cf93c     MSVCRT:dll_dllmain.obj
 0004:00000948       $pdata$__security_init_cookie 00000001800cf948     MSVCRT:gs_support.obj
 0004:00000954       $pdata$DllMain             00000001800cf954     MSVCRT:dll_dllmain_stub.obj
 0004:00000960       $pdata$__scrt_initialize_default_local_stdio_options 00000001800cf960     MSVCRT:default_local_stdio_options.obj
 0004:0000096c       $pdata$__scrt_acquire_startup_lock 00000001800cf96c     MSVCRT:utility.obj
 0004:00000978       $pdata$__scrt_dllmain_after_initialize_c 00000001800cf978     MSVCRT:utility.obj
 0004:00000984       $pdata$__scrt_dllmain_before_initialize_c 00000001800cf984     MSVCRT:utility.obj
 0004:00000990       $pdata$__scrt_dllmain_crt_thread_attach 00000001800cf990     MSVCRT:utility.obj
 0004:0000099c       $pdata$__scrt_dllmain_crt_thread_detach 00000001800cf99c     MSVCRT:utility.obj
 0004:000009a8       $pdata$__scrt_dllmain_exception_filter 00000001800cf9a8     MSVCRT:utility.obj
 0004:000009b4       $pdata$__scrt_dllmain_uninitialize_c 00000001800cf9b4     MSVCRT:utility.obj
 0004:000009c0       $pdata$__scrt_dllmain_uninitialize_critical 00000001800cf9c0     MSVCRT:utility.obj
 0004:000009cc       $pdata$__scrt_initialize_crt 00000001800cf9cc     MSVCRT:utility.obj
 0004:000009d8       $pdata$__scrt_initialize_onexit_tables 00000001800cf9d8     MSVCRT:utility.obj
 0004:000009e4       $pdata$__scrt_is_nonwritable_in_current_image 00000001800cf9e4     MSVCRT:utility.obj
 0004:000009f0       $pdata$__scrt_release_startup_lock 00000001800cf9f0     MSVCRT:utility.obj
 0004:000009fc       $pdata$__scrt_uninitialize_crt 00000001800cf9fc     MSVCRT:utility.obj
 0004:00000a08       $pdata$__scrt_fastfail     00000001800cfa08     MSVCRT:utility_desktop.obj
 0004:00000a14       $pdata$_RTC_Initialize     00000001800cfa14     MSVCRT:_initsect_.obj
 0004:00000a20       $pdata$_RTC_Terminate      00000001800cfa20     MSVCRT:_initsect_.obj
 0004:00000a2c       $pdata$__isa_available_init 00000001800cfa2c     MSVCRT:_cpu_disp_.obj
 0004:00000a44       $pdata$__GSHandlerCheck    00000001800cfa44     MSVCRT:_gshandler_.obj
 0004:00000a50       $pdata$__GSHandlerCheckCommon 00000001800cfa50     MSVCRT:_gshandler_.obj
 0004:00000a5c       $pdata$__raise_securityfailure 00000001800cfa5c     MSVCRT:gs_report.obj
 0004:00000a68       $pdata$__report_gsfailure  00000001800cfa68     MSVCRT:gs_report.obj
 0004:00000a74       $pdata$capture_previous_context 00000001800cfa74     MSVCRT:gs_report.obj
 0004:00000a8c       $pdata$?fin$0@?0??dllmain_crt_process_attach@@YAHQEAUHINSTANCE__@@QEAX@Z@4HA 00000001800cfa8c     MSVCRT:dll_dllmain.obj
 0004:00000a98       $pdata$?fin$0@?0??dllmain_crt_process_detach@@YAH_N@Z@4HA 00000001800cfa98     MSVCRT:dll_dllmain.obj
 0004:00000aa4       $pdata$?filt$0@?0??dllmain_dispatch@@YAHQEAUHINSTANCE__@@KQEAX@Z@4HA 00000001800cfaa4     MSVCRT:dll_dllmain.obj
 0004:00000ab0       $pdata$__scrt_is_nonwritable_in_current_image$filt$0 00000001800cfab0     MSVCRT:utility.obj
 0005:00000000       AliPxDx                    00000001800d0000     libirc:fast_memset.obj
 0005:00000040       setPxQx                    00000001800d0040     libirc:fast_memset.obj
 0005:00000480       AliPxQx                    00000001800d0480     libirc:fast_memset.obj
 0005:00000510       SSExDx                     00000001800d0510     libirc:fast_memset.obj
 0005:00000b10       AliPxQx                    00000001800d0b10     libirc:fast_memcpy.obj
 0005:00000b50       fwdPxQx                    00000001800d0b50     libirc:fast_memcpy.obj
 0005:00001110       SSE_src                    00000001800d1110     libirc:fast_memcpy.obj
 0005:00001190       Fix16EndTable              00000001800d1190     libirc:fast_memcpy.obj
 0006:00000060       $R000000                   00000001800d2060     * linker generated manifest res *
